[KTF] Kernel Telemetry Framework Initialized
{"ktf_event": "THREAD_CREATE", "timestamp": 1, "thread_id": 1, "data1": 4235264, "data2": 0}
{"ktf_event": "THREAD_CREATE", "timestamp": 1, "thread_id": 2, "data1": 4239360, "data2": 0}
{"ktf_event": "THREAD_CREATE", "timestamp": 1, "thread_id": 3, "data1": 4243456, "data2": 0}
{"ktf_event": "SCHEDULER_SWITCH", "timestamp": 1, "thread_id": 1, "data1": 0, "data2": 0}
{"ktf_event": "SCHEDULER_SWITCH", "timestamp": 3, "thread_id": 2, "data1": 1, "data2": 0}
{"ktf_event": "IPC_SEND", "timestamp": 3, "thread_id": 2, "data1": 1, "data2": 1}
{"ktf_event": "SCHEDULER_SWITCH", "timestamp": 5, "thread_id": 3, "data1": 2, "data2": 0}
{"ktf_event": "SCHEDULER_SWITCH", "timestamp": 5, "thread_id": 1, "data1": 3, "data2": 0}
{"ktf_event": "IPC_RECV", "timestamp": 5, "thread_id": 1, "data1": 2, "data2": 1}
{"ktf_event": "SCHEDULER_SWITCH", "timestamp": 7, "thread_id": 2, "data1": 1, "data2": 0}
{"ktf_event": "IPC_SEND", "timestamp": 7, "thread_id": 2, "data1": 1, "data2": 1}
{"ktf_event": "SCHEDULER_SWITCH", "timestamp": 9, "thread_id": 3, "data1": 2, "data2": 0}
{"ktf_event": "SCHEDULER_SWITCH", "timestamp": 9, "thread_id": 1, "data1": 3, "data2": 0}
{"ktf_event": "IPC_RECV", "timestamp": 9, "thread_id": 1, "data1": 2, "data2": 1}
{"ktf_event": "SCHEDULER_SWITCH", "timestamp": 10, "thread_id": 2, "data1": 1, "data2": 0}
{"ktf_event": "IPC_SEND", "timestamp": 10, "thread_id": 2, "data1": 1, "data2": 1}
{"ktf_event": "SCHEDULER_SWITCH", "timestamp": 12, "thread_id": 3, "data1": 2, "data2": 0}
{"ktf_event": "SCHEDULER_SWITCH", "timestamp": 12, "thread_id": 1, "data1": 3, "data2": 0}
{"ktf_event": "SCHEDULER_SWITCH", "timestamp": 13, "thread_id": 2, "data1": 1, "data2": 0}
{"ktf_event": "IPC_SEND", "timestamp": 13, "thread_id": 2, "data1": 1, "data2": 1}
{"ktf_event": "SCHEDULER_SWITCH", "timestamp": 16, "thread_id": 3, "data1": 2, "data2": 0}
{"ktf_event": "SCHEDULER_SWITCH", "timestamp": 16, "thread_id": 1, "data1": 3, "data2": 0}
{"ktf_event": "IPC_RECV", "timestamp": 16, "thread_id": 1, "data1": 2, "data2": 1}
{"ktf_event": "SCHEDULER_SWITCH", "timestamp": 17, "thread_id": 2, "data1": 1, "data2": 0}
{"ktf_event": "IPC_SEND", "timestamp": 17, "thread_id": 2, "data1": 1, "data2": 1}
{"ktf_event": "SCHEDULER_SWITCH", "timestamp": 19, "thread_id": 3, "data1": 2, "data2": 0}
{"ktf_event": "SCHEDULER_SWITCH", "timestamp": 19, "thread_id": 1, "data1": 3, "data2": 0}
{"ktf_event": "IPC_RECV", "timestamp": 19, "thread_id": 1, "data1": 2, "data2": 1}
{"ktf_event": "SCHEDULER_SWITCH", "timestamp": 20, "thread_id": 2, "data1": 1, "data2": 0}
{"ktf_event": "IPC_SEND", "timestamp": 20, "thread_id": 2, "data1": 1, "data2": 1}
{"ktf_event": "SCHEDULER_SWITCH", "timestamp": 22, "thread_id": 3, "data1": 2, "data2": 0}
{"ktf_event": "SCHEDULER_SWITCH", "timestamp": 22, "thread_id": 1, "data1": 3, "data2": 0}
{"ktf_event": "SCHEDULER_SWITCH", "timestamp": 23, "thread_id": 2, "data1": 1, "data2": 0}
{"ktf_event": "IPC_SEND", "timestamp": 23, "thread_id": 2, "data1": 1, "data2": 1}
{"ktf_event": "SCHEDULER_SWITCH", "timestamp": 25, "thread_id": 3, "data1": 2, "data2": 0}
{"ktf_event": "SCHEDULER_SWITCH", "timestamp": 25, "thread_id": 1, "data1": 3, "data2": 0}
{"ktf_event": "IPC_RECV", "timestamp": 25, "thread_id": 1, "data1": 2, "data2": 1}
{"ktf_event": "SCHEDULER_SWITCH", "timestamp": 27, "thread_id": 2, "data1": 1, "data2": 0}
{"ktf_event": "IPC_SEND", "timestamp": 27, "thread_id": 2, "data1": 1, "data2": 1}
{"ktf_event": "SCHEDULER_SWITCH", "timestamp": 29, "thread_id": 3, "data1": 2, "data2": 0}
{"ktf_event": "SCHEDULER_SWITCH", "timestamp": 29, "thread_id": 1, "data1": 3, "data2": 0}
{"ktf_event": "IPC_RECV", "timestamp": 29, "thread_id": 1, "data1": 2, "data2": 1}
{"ktf_event": "SCHEDULER_SWITCH", "timestamp": 30, "thread_id": 2, "data1": 1, "data2": 0}
{"ktf_event": "IPC_SEND", "timestamp": 30, "thread_id": 2, "data1": 1, "data2": 1}
{"ktf_event": "SCHEDULER_SWITCH", "timestamp": 32, "thread_id": 3, "data1": 2, "data2": 0}
{"ktf_event": "SCHEDULER_SWITCH", "timestamp": 32, "thread_id": 1, "data1": 3, "data2": 0}
{"ktf_event": "SCHEDULER_SWITCH", "timestamp": 33, "thread_id": 2, "data1": 1, "data2": 0}
{"ktf_event": "IPC_SEND", "timestamp": 33, "thread_id": 2, "data1": 1, "data2": 1}
{"ktf_event": "SCHEDULER_SWITCH", "timestamp": 36, "thread_id": 3, "data1": 2, "data2": 0}
{"ktf_event": "SCHEDULER_SWITCH", "timestamp": 36, "thread_id": 1, "data1": 3, "data2": 0}
{"ktf_event": "IPC_RECV", "timestamp": 36, "thread_id": 1, "data1": 2, "data2": 1}
{"ktf_event": "SCHEDULER_SWITCH", "timestamp": 38, "thread_id": 2, "data1": 1, "data2": 0}
{"ktf_event": "IPC_SEND", "timestamp": 38, "thread_id": 2, "data1": 1, "data2": 1}
{"ktf_event": "SCHEDULER_SWITCH", "timestamp": 40, "thread_id": 3, "data1": 2, "data2": 0}
{"ktf_event": "SCHEDULER_SWITCH", "timestamp": 40, "thread_id": 1, "data1": 3, "data2": 0}
{"ktf_event": "IPC_RECV", "timestamp": 40, "thread_id": 1, "data1": 2, "data2": 1}
{"ktf_event": "SCHEDULER_SWITCH", "timestamp": 41, "thread_id": 2, "data1": 1, "data2": 0}
{"ktf_event": "SCHEDULER_SWITCH", "timestamp": 42, "thread_id": 3, "data1": 2, "data2": 0}
{"ktf_event": "SCHEDULER_SWITCH", "timestamp": 42, "thread_id": 1, "data1": 3, "data2": 0}
{"ktf_event": "IPC_RECV", "timestamp": 42, "thread_id": 1, "data1": 2, "data2": 1}
{"ktf_event": "SCHEDULER_SWITCH", "timestamp": 44, "thread_id": 2, "data1": 1, "data2": 0}
{"ktf_event": "IPC_SEND", "timestamp": 44, "thread_id": 2, "data1": 1, "data2": 1}
{"ktf_event": "SCHEDULER_SWITCH", "timestamp": 46, "thread_id": 3, "data1": 2, "data2": 0}
{"ktf_event": "SCHEDULER_SWITCH", "timestamp": 46, "thread_id": 1, "data1": 3, "data2": 0}
{"ktf_event": "IPC_RECV", "timestamp": 46, "thread_id": 1, "data1": 2, "data2": 1}
{"ktf_event": "SCHEDULER_SWITCH", "timestamp": 48, "thread_id": 2, "data1": 1, "data2": 0}
{"ktf_event": "IPC_SEND", "timestamp": 48, "thread_id": 2, "data1": 1, "data2": 1}
{"ktf_event": "SCHEDULER_SWITCH", "timestamp": 50, "thread_id": 3, "data1": 2, "data2": 0}
{"ktf_event": "SCHEDULER_SWITCH", "timestamp": 50, "thread_id": 1, "data1": 3, "data2": 0}
{"ktf_event": "IPC_RECV", "timestamp": 50, "thread_id": 1, "data1": 2, "data2": 1}
{"ktf_event": "SCHEDULER_SWITCH", "timestamp": 51, "thread_id": 2, "data1": 1, "data2": 0}
{"ktf_event": "SCHEDULER_SWITCH", "timestamp": 52, "thread_id": 3, "data1": 2, "data2": 0}
{"ktf_event": "SCHEDULER_SWITCH", "timestamp": 52, "thread_id": 1, "data1": 3, "data2": 0}
{"ktf_event": "IPC_RECV", "timestamp": 52, "thread_id": 1, "data1": 2, "data2": 1}
{"ktf_event": "SCHEDULER_SWITCH", "timestamp": 53, "thread_id": 2, "data1": 1, "data2": 0}
{"ktf_event": "IPC_SEND", "timestamp": 53, "thread_id": 2, "data1": 1, "data2": 1}
{"ktf_event": "SCHEDULER_SWITCH", "timestamp": 56, "thread_id": 3, "data1": 2, "data2": 0}
{"ktf_event": "SCHEDULER_SWITCH", "timestamp": 56, "thread_id": 1, "data1": 3, "data2": 0}
{"ktf_event": "IPC_RECV", "timestamp": 56, "thread_id": 1, "data1": 2, "data2": 1}
{"ktf_event": "SCHEDULER_SWITCH", "timestamp": 57, "thread_id": 2, "data1": 1, "data2": 0}
{"ktf_event": "IPC_SEND", "timestamp": 57, "thread_id": 2, "data1": 1, "data2": 1}
{"ktf_event": "SCHEDULER_SWITCH", "timestamp": 60, "thread_id": 3, "data1": 2, "data2": 0}
{"ktf_event": "SCHEDULER_SWITCH", "timestamp": 60, "thread_id": 1, "data1": 3, "data2": 0}
{"ktf_event": "IPC_RECV", "timestamp": 60, "thread_id": 1, "data1": 2, "data2": 1}
{"ktf_event": "SCHEDULER_SWITCH", "timestamp": 61, "thread_id": 2, "data1": 1, "data2": 0}
{"ktf_event": "SCHEDULER_SWITCH", "timestamp": 62, "thread_id": 3, "data1": 2, "data2": 0}
{"ktf_event": "SCHEDULER_SWITCH", "timestamp": 62, "thread_id": 1, "data1": 3, "data2": 0}
{"ktf_event": "IPC_RECV", "timestamp": 62, "thread_id": 1, "data1": 2, "data2": 1}
{"ktf_event": "SCHEDULER_SWITCH", "timestamp": 63, "thread_id": 2, "data1": 1, "data2": 0}
{"ktf_event": "IPC_SEND", "timestamp": 63, "thread_id": 2, "data1": 1, "data2": 1}
{"ktf_event": "SCHEDULER_SWITCH", "timestamp": 66, "thread_id": 3, "data1": 2, "data2": 0}
{"ktf_event": "SCHEDULER_SWITCH", "timestamp": 66, "thread_id": 1, "data1": 3, "data2": 0}
{"ktf_event": "IPC_RECV", "timestamp": 66, "thread_id": 1, "data1": 2, "data2": 1}
{"ktf_event": "SCHEDULER_SWITCH", "timestamp": 67, "thread_id": 2, "data1": 1, "data2": 0}
{"ktf_event": "IPC_SEND", "timestamp": 67, "thread_id": 2, "data1": 1, "data2": 1}
{"ktf_event": "SCHEDULER_SWITCH", "timestamp": 70, "thread_id": 3, "data1": 2, "data2": 0}
{"ktf_event": "SCHEDULER_SWITCH", "timestamp": 70, "thread_id": 1, "data1": 3, "data2": 0}
{"ktf_event": "IPC_RECV", "timestamp": 70, "thread_id": 1, "data1": 2, "data2": 1}
{"ktf_event": "SCHEDULER_SWITCH", "timestamp": 71, "thread_id": 2, "data1": 1, "data2": 0}
{"ktf_event": "SCHEDULER_SWITCH", "timestamp": 71, "thread_id": 3, "data1": 2, "data2": 0}
{"ktf_event": "SCHEDULER_SWITCH", "timestamp": 71, "thread_id": 1, "data1": 3, "data2": 0}
{"ktf_event": "SCHEDULER_SWITCH", "timestamp": 73, "thread_id": 2, "data1": 1, "data2": 0}
{"ktf_event": "IPC_SEND", "timestamp": 73, "thread_id": 2, "data1": 1, "data2": 1}
{"ktf_event": "SCHEDULER_SWITCH", "timestamp": 75, "thread_id": 3, "data1": 2, "data2": 0}
{"ktf_event": "SCHEDULER_SWITCH", "timestamp": 75, "thread_id": 1, "data1": 3, "data2": 0}
{"ktf_event": "IPC_RECV", "timestamp": 75, "thread_id": 1, "data1": 2, "data2": 1}
{"ktf_event": "SCHEDULER_SWITCH", "timestamp": 76, "thread_id": 2, "data1": 1, "data2": 0}
{"ktf_event": "IPC_SEND", "timestamp": 76, "thread_id": 2, "data1": 1, "data2": 1}
{"ktf_event": "SCHEDULER_SWITCH", "timestamp": 79, "thread_id": 3, "data1": 2, "data2": 0}
{"ktf_event": "SCHEDULER_SWITCH", "timestamp": 79, "thread_id": 1, "data1": 3, "data2": 0}
{"ktf_event": "IPC_RECV", "timestamp": 79, "thread_id": 1, "data1": 2, "data2": 1}
{"ktf_event": "SCHEDULER_SWITCH", "timestamp": 80, "thread_id": 2, "data1": 1, "data2": 0}
{"ktf_event": "IPC_SEND", "timestamp": 80, "thread_id": 2, "data1": 1, "data2": 1}
{"ktf_event": "SCHEDULER_SWITCH", "timestamp": 82, "thread_id": 3, "data1": 2, "data2": 0}
{"ktf_event": "SCHEDULER_SWITCH", "timestamp": 82, "thread_id": 1, "data1": 3, "data2": 0}
{"ktf_event": "SCHEDULER_SWITCH", "timestamp": 83, "thread_id": 2, "data1": 1, "data2": 0}
{"ktf_event": "IPC_SEND", "timestamp": 83, "thread_id": 2, "data1": 1, "data2": 1}
{"ktf_event": "SCHEDULER_SWITCH", "timestamp": 85, "thread_id": 3, "data1": 2, "data2": 0}
{"ktf_event": "SCHEDULER_SWITCH", "timestamp": 85, "thread_id": 1, "data1": 3, "data2": 0}
{"ktf_event": "IPC_RECV", "timestamp": 85, "thread_id": 1, "data1": 2, "data2": 1}
{"ktf_event": "SCHEDULER_SWITCH", "timestamp": 87, "thread_id": 2, "data1": 1, "data2": 0}
{"ktf_event": "IPC_SEND", "timestamp": 87, "thread_id": 2, "data1": 1, "data2": 1}
{"ktf_event": "SCHEDULER_SWITCH", "timestamp": 90, "thread_id": 3, "data1": 2, "data2": 0}
{"ktf_event": "SCHEDULER_SWITCH", "timestamp": 90, "thread_id": 1, "data1": 3, "data2": 0}
{"ktf_event": "IPC_RECV", "timestamp": 90, "thread_id": 1, "data1": 2, "data2": 1}
{"ktf_event": "SCHEDULER_SWITCH", "timestamp": 91, "thread_id": 2, "data1": 1, "data2": 0}
{"ktf_event": "SCHEDULER_SWITCH", "timestamp": 91, "thread_id": 3, "data1": 2, "data2": 0}
{"ktf_event": "SCHEDULER_SWITCH", "timestamp": 91, "thread_id": 1, "data1": 3, "data2": 0}
{"ktf_event": "IPC_RECV", "timestamp": 91, "thread_id": 1, "data1": 2, "data2": 1}
{"ktf_event": "SCHEDULER_SWITCH", "timestamp": 93, "thread_id": 2, "data1": 1, "data2": 0}
{"ktf_event": "IPC_SEND", "timestamp": 93, "thread_id": 2, "data1": 1, "data2": 1}
{"ktf_event": "SCHEDULER_SWITCH", "timestamp": 95, "thread_id": 3, "data1": 2, "data2": 0}
{"ktf_event": "SCHEDULER_SWITCH", "timestamp": 95, "thread_id": 1, "data1": 3, "data2": 0}
{"ktf_event": "IPC_RECV", "timestamp": 95, "thread_id": 1, "data1": 2, "data2": 1}
{"ktf_event": "SCHEDULER_SWITCH", "timestamp": 97, "thread_id": 2, "data1": 1, "data2": 0}
{"ktf_event": "IPC_SEND", "timestamp": 97, "thread_id": 2, "data1": 1, "data2": 1}
{"ktf_event": "SCHEDULER_SWITCH", "timestamp": 99, "thread_id": 3, "data1": 2, "data2": 0}
{"ktf_event": "SCHEDULER_SWITCH", "timestamp": 99, "thread_id": 1, "data1": 3, "data2": 0}
{"ktf_event": "IPC_RECV", "timestamp": 99, "thread_id": 1, "data1": 2, "data2": 1}
{"ktf_event": "SCHEDULER_SWITCH", "timestamp": 100, "thread_id": 2, "data1": 1, "data2": 0}
{"ktf_event": "IPC_SEND", "timestamp": 100, "thread_id": 2, "data1": 1, "data2": 1}
{"ktf_event": "SCHEDULER_SWITCH", "timestamp": 102, "thread_id": 3, "data1": 2, "data2": 0}
{"ktf_event": "SCHEDULER_SWITCH", "timestamp": 102, "thread_id": 1, "data1": 3, "data2": 0}
{"ktf_event": "SCHEDULER_SWITCH", "timestamp": 103, "thread_id": 2, "data1": 1, "data2": 0}
{"ktf_event": "IPC_SEND", "timestamp": 103, "thread_id": 2, "data1": 1, "data2": 1}
{"ktf_event": "SCHEDULER_SWITCH", "timestamp": 105, "thread_id": 3, "data1": 2, "data2": 0}
{"ktf_event": "SCHEDULER_SWITCH", "timestamp": 105, "thread_id": 1, "data1": 3, "data2": 0}
{"ktf_event": "IPC_RECV", "timestamp": 105, "thread_id": 1, "data1": 2, "data2": 1}
{"ktf_event": "SCHEDULER_SWITCH", "timestamp": 107, "thread_id": 2, "data1": 1, "data2": 0}
{"ktf_event": "IPC_SEND", "timestamp": 107, "thread_id": 2, "data1": 1, "data2": 1}
{"ktf_event": "SCHEDULER_SWITCH", "timestamp": 109, "thread_id": 3, "data1": 2, "data2": 0}
{"ktf_event": "SCHEDULER_SWITCH", "timestamp": 109, "thread_id": 1, "data1": 3, "data2": 0}
{"ktf_event": "IPC_RECV", "timestamp": 109, "thread_id": 1, "data1": 2, "data2": 1}
{"ktf_event": "SCHEDULER_SWITCH", "timestamp": 110, "thread_id": 2, "data1": 1, "data2": 0}
{"ktf_event": "IPC_SEND", "timestamp": 110, "thread_id": 2, "data1": 1, "data2": 1}
{"ktf_event": "SCHEDULER_SWITCH", "timestamp": 113, "thread_id": 3, "data1": 2, "data2": 0}
{"ktf_event": "SCHEDULER_SWITCH", "timestamp": 113, "thread_id": 1, "data1": 3, "data2": 0}
{"ktf_event": "SCHEDULER_SWITCH", "timestamp": 113, "thread_id": 2, "data1": 1, "data2": 0}
{"ktf_event": "IPC_SEND", "timestamp": 113, "thread_id": 2, "data1": 1, "data2": 1}
{"ktf_event": "SCHEDULER_SWITCH", "timestamp": 115, "thread_id": 3, "data1": 2, "data2": 0}
{"ktf_event": "SCHEDULER_SWITCH", "timestamp": 115, "thread_id": 1, "data1": 3, "data2": 0}
{"ktf_event": "IPC_RECV", "timestamp": 115, "thread_id": 1, "data1": 2, "data2": 1}
{"ktf_event": "SCHEDULER_SWITCH", "timestamp": 117, "thread_id": 2, "data1": 1, "data2": 0}
{"ktf_event": "IPC_SEND", "timestamp": 117, "thread_id": 2, "data1": 1, "data2": 1}
{"ktf_event": "SCHEDULER_SWITCH", "timestamp": 120, "thread_id": 3, "data1": 2, "data2": 0}
{"ktf_event": "SCHEDULER_SWITCH", "timestamp": 120, "thread_id": 1, "data1": 3, "data2": 0}
{"ktf_event": "IPC_RECV", "timestamp": 120, "thread_id": 1, "data1": 2, "data2": 1}
{"ktf_event": "SCHEDULER_SWITCH", "timestamp": 121, "thread_id": 2, "data1": 1, "data2": 0}
{"ktf_event": "SCHEDULER_SWITCH", "timestamp": 122, "thread_id": 3, "data1": 2, "data2": 0}
{"ktf_event": "SCHEDULER_SWITCH", "timestamp": 122, "thread_id": 1, "data1": 3, "data2": 0}
{"ktf_event": "IPC_RECV", "timestamp": 122, "thread_id": 1, "data1": 2, "data2": 1}
{"ktf_event": "SCHEDULER_SWITCH", "timestamp": 125, "thread_id": 2, "data1": 1, "data2": 0}
{"ktf_event": "IPC_SEND", "timestamp": 125, "thread_id": 2, "data1": 1, "data2": 1}
{"ktf_event": "SCHEDULER_SWITCH", "timestamp": 127, "thread_id": 3, "data1": 2, "data2": 0}
{"ktf_event": "SCHEDULER_SWITCH", "timestamp": 127, "thread_id": 1, "data1": 3, "data2": 0}
{"ktf_event": "IPC_RECV", "timestamp": 127, "thread_id": 1, "data1": 2, "data2": 1}
{"ktf_event": "SCHEDULER_SWITCH", "timestamp": 129, "thread_id": 2, "data1": 1, "data2": 0}
{"ktf_event": "IPC_SEND", "timestamp": 129, "thread_id": 2, "data1": 1, "data2": 1}
{"ktf_event": "SCHEDULER_SWITCH", "timestamp": 130, "thread_id": 3, "data1": 2, "data2": 0}
{"ktf_event": "SCHEDULER_SWITCH", "timestamp": 130, "thread_id": 1, "data1": 3, "data2": 0}
{"ktf_event": "IPC_RECV", "timestamp": 130, "thread_id": 1, "data1": 2, "data2": 1}
{"ktf_event": "SCHEDULER_SWITCH", "timestamp": 131, "thread_id": 2, "data1": 1, "data2": 0}
{"ktf_event": "SCHEDULER_SWITCH", "timestamp": 133, "thread_id": 3, "data1": 2, "data2": 0}
{"ktf_event": "SCHEDULER_SWITCH", "timestamp": 133, "thread_id": 1, "data1": 3, "data2": 0}
{"ktf_event": "IPC_RECV", "timestamp": 133, "thread_id": 1, "data1": 2, "data2": 1}
{"ktf_event": "SCHEDULER_SWITCH", "timestamp": 135, "thread_id": 2, "data1": 1, "data2": 0}
{"ktf_event": "IPC_SEND", "timestamp": 135, "thread_id": 2, "data1": 1, "data2": 1}
{"ktf_event": "SCHEDULER_SWITCH", "timestamp": 137, "thread_id": 3, "data1": 2, "data2": 0}
{"ktf_event": "SCHEDULER_SWITCH", "timestamp": 137, "thread_id": 1, "data1": 3, "data2": 0}
{"ktf_event": "IPC_RECV", "timestamp": 137, "thread_id": 1, "data1": 2, "data2": 1}
{"ktf_event": "SCHEDULER_SWITCH", "timestamp": 139, "thread_id": 2, "data1": 1, "data2": 0}
{"ktf_event": "IPC_SEND", "timestamp": 139, "thread_id": 2, "data1": 1, "data2": 1}
{"ktf_event": "SCHEDULER_SWITCH", "timestamp": 140, "thread_id": 3, "data1": 2, "data2": 0}
{"ktf_event": "SCHEDULER_SWITCH", "timestamp": 140, "thread_id": 1, "data1": 3, "data2": 0}
{"ktf_event": "IPC_RECV", "timestamp": 140, "thread_id": 1, "data1": 2, "data2": 1}
{"ktf_event": "SCHEDULER_SWITCH", "timestamp": 141, "thread_id": 2, "data1": 1, "data2": 0}
{"ktf_event": "SCHEDULER_SWITCH", "timestamp": 143, "thread_id": 3, "data1": 2, "data2": 0}
{"ktf_event": "SCHEDULER_SWITCH", "timestamp": 143, "thread_id": 1, "data1": 3, "data2": 0}
{"ktf_event": "SCHEDULER_SWITCH", "timestamp": 144, "thread_id": 2, "data1": 1, "data2": 0}
{"ktf_event": "IPC_SEND", "timestamp": 144, "thread_id": 2, "data1": 1, "data2": 1}
{"ktf_event": "SCHEDULER_SWITCH", "timestamp": 147, "thread_id": 3, "data1": 2, "data2": 0}
{"ktf_event": "SCHEDULER_SWITCH", "timestamp": 147, "thread_id": 1, "data1": 3, "data2": 0}
{"ktf_event": "IPC_RECV", "timestamp": 147, "thread_id": 1, "data1": 2, "data2": 1}
{"ktf_event": "SCHEDULER_SWITCH", "timestamp": 149, "thread_id": 2, "data1": 1, "data2": 0}
{"ktf_event": "IPC_SEND", "timestamp": 149, "thread_id": 2, "data1": 1, "data2": 1}
{"ktf_event": "SCHEDULER_SWITCH", "timestamp": 150, "thread_id": 3, "data1": 2, "data2": 0}
{"ktf_event": "SCHEDULER_SWITCH", "timestamp": 150, "thread_id": 1, "data1": 3, "data2": 0}
{"ktf_event": "IPC_RECV", "timestamp": 150, "thread_id": 1, "data1": 2, "data2": 1}
{"ktf_event": "SCHEDULER_SWITCH", "timestamp": 152, "thread_id": 2, "data1": 1, "data2": 0}
{"ktf_event": "SCHEDULER_SWITCH", "timestamp": 154, "thread_id": 3, "data1": 2, "data2": 0}
{"ktf_event": "SCHEDULER_SWITCH", "timestamp": 154, "thread_id": 1, "data1": 3, "data2": 0}
{"ktf_event": "SCHEDULER_SWITCH", "timestamp": 157, "thread_id": 2, "data1": 1, "data2": 0}
{"ktf_event": "IPC_SEND", "timestamp": 157, "thread_id": 2, "data1": 1, "data2": 1}
{"ktf_event": "SCHEDULER_SWITCH", "timestamp": 159, "thread_id": 3, "data1": 2, "data2": 0}
{"ktf_event": "SCHEDULER_SWITCH", "timestamp": 159, "thread_id": 1, "data1": 3, "data2": 0}
{"ktf_event": "IPC_RECV", "timestamp": 159, "thread_id": 1, "data1": 2, "data2": 1}
{"ktf_event": "SCHEDULER_SWITCH", "timestamp": 160, "thread_id": 2, "data1": 1, "data2": 0}
{"ktf_event": "IPC_SEND", "timestamp": 160, "thread_id": 2, "data1": 1, "data2": 1}
{"ktf_event": "SCHEDULER_SWITCH", "timestamp": 162, "thread_id": 3, "data1": 2, "data2": 0}
{"ktf_event": "SCHEDULER_SWITCH", "timestamp": 162, "thread_id": 1, "data1": 3, "data2": 0}
{"ktf_event": "SCHEDULER_SWITCH", "timestamp": 163, "thread_id": 2, "data1": 1, "data2": 0}
{"ktf_event": "IPC_SEND", "timestamp": 163, "thread_id": 2, "data1": 1, "data2": 1}
{"ktf_event": "SCHEDULER_SWITCH", "timestamp": 166, "thread_id": 3, "data1": 2, "data2": 0}
{"ktf_event": "SCHEDULER_SWITCH", "timestamp": 166, "thread_id": 1, "data1": 3, "data2": 0}
{"ktf_event": "IPC_RECV", "timestamp": 166, "thread_id": 1, "data1": 2, "data2": 1}
{"ktf_event": "SCHEDULER_SWITCH", "timestamp": 167, "thread_id": 2, "data1": 1, "data2": 0}
{"ktf_event": "IPC_SEND", "timestamp": 167, "thread_id": 2, "data1": 1, "data2": 1}
{"ktf_event": "SCHEDULER_SWITCH", "timestamp": 170, "thread_id": 3, "data1": 2, "data2": 0}
{"ktf_event": "SCHEDULER_SWITCH", "timestamp": 170, "thread_id": 1, "data1": 3, "data2": 0}
{"ktf_event": "IPC_RECV", "timestamp": 170, "thread_id": 1, "data1": 2, "data2": 1}
{"ktf_event": "SCHEDULER_SWITCH", "timestamp": 171, "thread_id": 2, "data1": 1, "data2": 0}
{"ktf_event": "SCHEDULER_SWITCH", "timestamp": 172, "thread_id": 3, "data1": 2, "data2": 0}
{"ktf_event": "SCHEDULER_SWITCH", "timestamp": 172, "thread_id": 1, "data1": 3, "data2": 0}
{"ktf_event": "IPC_RECV", "timestamp": 172, "thread_id": 1, "data1": 2, "data2": 1}
{"ktf_event": "SCHEDULER_SWITCH", "timestamp": 173, "thread_id": 2, "data1": 1, "data2": 0}
{"ktf_event": "IPC_SEND", "timestamp": 173, "thread_id": 2, "data1": 1, "data2": 1}
{"ktf_event": "SCHEDULER_SWITCH", "timestamp": 176, "thread_id": 3, "data1": 2, "data2": 0}
{"ktf_event": "SCHEDULER_SWITCH", "timestamp": 176, "thread_id": 1, "data1": 3, "data2": 0}
{"ktf_event": "IPC_RECV", "timestamp": 176, "thread_id": 1, "data1": 2, "data2": 1}
{"ktf_event": "SCHEDULER_SWITCH", "timestamp": 177, "thread_id": 2, "data1": 1, "data2": 0}
{"ktf_event": "IPC_SEND", "timestamp": 177, "thread_id": 2, "data1": 1, "data2": 1}
{"ktf_event": "SCHEDULER_SWITCH", "timestamp": 179, "thread_id": 3, "data1": 2, "data2": 0}
{"ktf_event": "SCHEDULER_SWITCH", "timestamp": 179, "thread_id": 1, "data1": 3, "data2": 0}
{"ktf_event": "IPC_RECV", "timestamp": 179, "thread_id": 1, "data1": 2, "data2": 1}
{"ktf_event": "SCHEDULER_SWITCH", "timestamp": 180, "thread_id": 2, "data1": 1, "data2": 0}
{"ktf_event": "IPC_SEND", "timestamp": 180, "thread_id": 2, "data1": 1, "data2": 1}
{"ktf_event": "SCHEDULER_SWITCH", "timestamp": 182, "thread_id": 3, "data1": 2, "data2": 0}
{"ktf_event": "SCHEDULER_SWITCH", "timestamp": 182, "thread_id": 1, "data1": 3, "data2": 0}
{"ktf_event": "SCHEDULER_SWITCH", "timestamp": 183, "thread_id": 2, "data1": 1, "data2": 0}
{"ktf_event": "IPC_SEND", "timestamp": 183, "thread_id": 2, "data1": 1, "data2": 1}
{"ktf_event": "SCHEDULER_SWITCH", "timestamp": 186, "thread_id": 3, "data1": 2, "data2": 0}
{"ktf_event": "SCHEDULER_SWITCH", "timestamp": 186, "thread_id": 1, "data1": 3, "data2": 0}
{"ktf_event": "IPC_RECV", "timestamp": 186, "thread_id": 1, "data1": 2, "data2": 1}
{"ktf_event": "SCHEDULER_SWITCH", "timestamp": 188, "thread_id": 2, "data1": 1, "data2": 0}
{"ktf_event": "IPC_SEND", "timestamp": 189, "thread_id": 2, "data1": 1, "data2": 1}
{"ktf_event": "SCHEDULER_SWITCH", "timestamp": 190, "thread_id": 3, "data1": 2, "data2": 0}
{"ktf_event": "SCHEDULER_SWITCH", "timestamp": 190, "thread_id": 1, "data1": 3, "data2": 0}
{"ktf_event": "IPC_RECV", "timestamp": 190, "thread_id": 1, "data1": 2, "data2": 1}
{"ktf_event": "SCHEDULER_SWITCH", "timestamp": 191, "thread_id": 2, "data1": 1, "data2": 0}
{"ktf_event": "SCHEDULER_SWITCH", "timestamp": 194, "thread_id": 3, "data1": 2, "data2": 0}
{"ktf_event": "SCHEDULER_SWITCH", "timestamp": 194, "thread_id": 1, "data1": 3, "data2": 0}
{"ktf_event": "IPC_RECV", "timestamp": 194, "thread_id": 1, "data1": 2, "data2": 1}
{"ktf_event": "SCHEDULER_SWITCH", "timestamp": 196, "thread_id": 2, "data1": 1, "data2": 0}
{"ktf_event": "IPC_SEND", "timestamp": 196, "thread_id": 2, "data1": 1, "data2": 1}
{"ktf_event": "SCHEDULER_SWITCH", "timestamp": 199, "thread_id": 3, "data1": 2, "data2": 0}
{"ktf_event": "SCHEDULER_SWITCH", "timestamp": 199, "thread_id": 1, "data1": 3, "data2": 0}
{"ktf_event": "IPC_RECV", "timestamp": 199, "thread_id": 1, "data1": 2, "data2": 1}
{"ktf_event": "SCHEDULER_SWITCH", "timestamp": 200, "thread_id": 2, "data1": 1, "data2": 0}
{"ktf_event": "IPC_SEND", "timestamp": 200, "thread_id": 2, "data1": 1, "data2": 1}
{"ktf_event": "SCHEDULER_SWITCH", "timestamp": 202, "thread_id": 3, "data1": 2, "data2": 0}
{"ktf_event": "SCHEDULER_SWITCH", "timestamp": 202, "thread_id": 1, "data1": 3, "data2": 0}
{"ktf_event": "SCHEDULER_SWITCH", "timestamp": 203, "thread_id": 2, "data1": 1, "data2": 0}
{"ktf_event": "IPC_SEND", "timestamp": 203, "thread_id": 2, "data1": 1, "data2": 1}
{"ktf_event": "SCHEDULER_SWITCH", "timestamp": 206, "thread_id": 3, "data1": 2, "data2": 0}
{"ktf_event": "SCHEDULER_SWITCH", "timestamp": 206, "thread_id": 1, "data1": 3, "data2": 0}
{"ktf_event": "IPC_RECV", "timestamp": 206, "thread_id": 1, "data1": 2, "data2": 1}
{"ktf_event": "SCHEDULER_SWITCH", "timestamp": 208, "thread_id": 2, "data1": 1, "data2": 0}
{"ktf_event": "IPC_SEND", "timestamp": 208, "thread_id": 2, "data1": 1, "data2": 1}
{"ktf_event": "SCHEDULER_SWITCH", "timestamp": 210, "thread_id": 3, "data1": 2, "data2": 0}
{"ktf_event": "SCHEDULER_SWITCH", "timestamp": 210, "thread_id": 1, "data1": 3, "data2": 0}
{"ktf_event": "IPC_RECV", "timestamp": 210, "thread_id": 1, "data1": 2, "data2": 1}
{"ktf_event": "SCHEDULER_SWITCH", "timestamp": 213, "thread_id": 2, "data1": 1, "data2": 0}
{"ktf_event": "SCHEDULER_SWITCH", "timestamp": 214, "thread_id": 3, "data1": 2, "data2": 0}
{"ktf_event": "SCHEDULER_SWITCH", "timestamp": 214, "thread_id": 1, "data1": 3, "data2": 0}
{"ktf_event": "IPC_RECV", "timestamp": 214, "thread_id": 1, "data1": 2, "data2": 1}
{"ktf_event": "SCHEDULER_SWITCH", "timestamp": 215, "thread_id": 2, "data1": 1, "data2": 0}
{"ktf_event": "IPC_SEND", "timestamp": 215, "thread_id": 2, "data1": 1, "data2": 1}
{"ktf_event": "SCHEDULER_SWITCH", "timestamp": 218, "thread_id": 3, "data1": 2, "data2": 0}
{"ktf_event": "SCHEDULER_SWITCH", "timestamp": 218, "thread_id": 1, "data1": 3, "data2": 0}
{"ktf_event": "IPC_RECV", "timestamp": 218, "thread_id": 1, "data1": 2, "data2": 1}
{"ktf_event": "SCHEDULER_SWITCH", "timestamp": 220, "thread_id": 2, "data1": 1, "data2": 0}
{"ktf_event": "IPC_SEND", "timestamp": 220, "thread_id": 2, "data1": 1, "data2": 1}
{"ktf_event": "SCHEDULER_SWITCH", "timestamp": 222, "thread_id": 3, "data1": 2, "data2": 0}
{"ktf_event": "SCHEDULER_SWITCH", "timestamp": 222, "thread_id": 1, "data1": 3, "data2": 0}
{"ktf_event": "SCHEDULER_SWITCH", "timestamp": 222, "thread_id": 2, "data1": 1, "data2": 0}
{"ktf_event": "IPC_SEND", "timestamp": 222, "thread_id": 2, "data1": 1, "data2": 1}
{"ktf_event": "SCHEDULER_SWITCH", "timestamp": 224, "thread_id": 3, "data1": 2, "data2": 0}
{"ktf_event": "SCHEDULER_SWITCH", "timestamp": 224, "thread_id": 1, "data1": 3, "data2": 0}
{"ktf_event": "IPC_RECV", "timestamp": 224, "thread_id": 1, "data1": 2, "data2": 1}
{"ktf_event": "SCHEDULER_SWITCH", "timestamp": 226, "thread_id": 2, "data1": 1, "data2": 0}
{"ktf_event": "IPC_SEND", "timestamp": 226, "thread_id": 2, "data1": 1, "data2": 1}
{"ktf_event": "SCHEDULER_SWITCH", "timestamp": 228, "thread_id": 3, "data1": 2, "data2": 0}
{"ktf_event": "SCHEDULER_SWITCH", "timestamp": 228, "thread_id": 1, "data1": 3, "data2": 0}
{"ktf_event": "IPC_RECV", "timestamp": 228, "thread_id": 1, "data1": 2, "data2": 1}
{"ktf_event": "SCHEDULER_SWITCH", "timestamp": 230, "thread_id": 2, "data1": 1, "data2": 0}
{"ktf_event": "IPC_SEND", "timestamp": 230, "thread_id": 2, "data1": 1, "data2": 1}
{"ktf_event": "SCHEDULER_SWITCH", "timestamp": 232, "thread_id": 3, "data1": 2, "data2": 0}
{"ktf_event": "SCHEDULER_SWITCH", "timestamp": 233, "thread_id": 1, "data1": 3, "data2": 0}
{"ktf_event": "SCHEDULER_SWITCH", "timestamp": 233, "thread_id": 2, "data1": 1, "data2": 0}
{"ktf_event": "IPC_SEND", "timestamp": 233, "thread_id": 2, "data1": 1, "data2": 1}
{"ktf_event": "SCHEDULER_SWITCH", "timestamp": 235, "thread_id": 3, "data1": 2, "data2": 0}
{"ktf_event": "SCHEDULER_SWITCH", "timestamp": 235, "thread_id": 1, "data1": 3, "data2": 0}
{"ktf_event": "IPC_RECV", "timestamp": 235, "thread_id": 1, "data1": 2, "data2": 1}
{"ktf_event": "SCHEDULER_SWITCH", "timestamp": 237, "thread_id": 2, "data1": 1, "data2": 0}
{"ktf_event": "IPC_SEND", "timestamp": 237, "thread_id": 2, "data1": 1, "data2": 1}
{"ktf_event": "SCHEDULER_SWITCH", "timestamp": 240, "thread_id": 3, "data1": 2, "data2": 0}
{"ktf_event": "SCHEDULER_SWITCH", "timestamp": 240, "thread_id": 1, "data1": 3, "data2": 0}
{"ktf_event": "IPC_RECV", "timestamp": 240, "thread_id": 1, "data1": 2, "data2": 1}
{"ktf_event": "SCHEDULER_SWITCH", "timestamp": 241, "thread_id": 2, "data1": 1, "data2": 0}
{"ktf_event": "SCHEDULER_SWITCH", "timestamp": 242, "thread_id": 3, "data1": 2, "data2": 0}
{"ktf_event": "SCHEDULER_SWITCH", "timestamp": 242, "thread_id": 1, "data1": 3, "data2": 0}
{"ktf_event": "IPC_RECV", "timestamp": 242, "thread_id": 1, "data1": 2, "data2": 1}
{"ktf_event": "SCHEDULER_SWITCH", "timestamp": 244, "thread_id": 2, "data1": 1, "data2": 0}
{"ktf_event": "IPC_SEND", "timestamp": 244, "thread_id": 2, "data1": 1, "data2": 1}
{"ktf_event": "SCHEDULER_SWITCH", "timestamp": 248, "thread_id": 3, "data1": 2, "data2": 0}
{"ktf_event": "SCHEDULER_SWITCH", "timestamp": 248, "thread_id": 1, "data1": 3, "data2": 0}
{"ktf_event": "IPC_RECV", "timestamp": 248, "thread_id": 1, "data1": 2, "data2": 1}
{"ktf_event": "SCHEDULER_SWITCH", "timestamp": 250, "thread_id": 2, "data1": 1, "data2": 0}
{"ktf_event": "IPC_SEND", "timestamp": 250, "thread_id": 2, "data1": 1, "data2": 1}
{"ktf_event": "SCHEDULER_SWITCH", "timestamp": 254, "thread_id": 3, "data1": 2, "data2": 0}
{"ktf_event": "SCHEDULER_SWITCH", "timestamp": 254, "thread_id": 1, "data1": 3, "data2": 0}
{"ktf_event": "SCHEDULER_SWITCH", "timestamp": 255, "thread_id": 2, "data1": 1, "data2": 0}
{"ktf_event": "IPC_SEND", "timestamp": 255, "thread_id": 2, "data1": 1, "data2": 1}
{"ktf_event": "SCHEDULER_SWITCH", "timestamp": 260, "thread_id": 3, "data1": 2, "data2": 0}
{"ktf_event": "SCHEDULER_SWITCH", "timestamp": 260, "thread_id": 1, "data1": 3, "data2": 0}
{"ktf_event": "IPC_RECV", "timestamp": 260, "thread_id": 1, "data1": 2, "data2": 1}
{"ktf_event": "SCHEDULER_SWITCH", "timestamp": 262, "thread_id": 2, "data1": 1, "data2": 0}
{"ktf_event": "SCHEDULER_SWITCH", "timestamp": 263, "thread_id": 3, "data1": 2, "data2": 0}
{"ktf_event": "SCHEDULER_SWITCH", "timestamp": 263, "thread_id": 1, "data1": 3, "data2": 0}
{"ktf_event": "IPC_RECV", "timestamp": 263, "thread_id": 1, "data1": 2, "data2": 1}
{"ktf_event": "SCHEDULER_SWITCH", "timestamp": 264, "thread_id": 2, "data1": 1, "data2": 0}
{"ktf_event": "IPC_SEND", "timestamp": 264, "thread_id": 2, "data1": 1, "data2": 1}
{"ktf_event": "SCHEDULER_SWITCH", "timestamp": 267, "thread_id": 3, "data1": 2, "data2": 0}
{"ktf_event": "SCHEDULER_SWITCH", "timestamp": 267, "thread_id": 1, "data1": 3, "data2": 0}
{"ktf_event": "IPC_RECV", "timestamp": 267, "thread_id": 1, "data1": 2, "data2": 1}
{"ktf_event": "SCHEDULER_SWITCH", "timestamp": 268, "thread_id": 2, "data1": 1, "data2": 0}
{"ktf_event": "IPC_SEND", "timestamp": 268, "thread_id": 2, "data1": 1, "data2": 1}
{"ktf_event": "SCHEDULER_SWITCH", "timestamp": 270, "thread_id": 3, "data1": 2, "data2": 0}
{"ktf_event": "SCHEDULER_SWITCH", "timestamp": 270, "thread_id": 1, "data1": 3, "data2": 0}
{"ktf_event": "IPC_RECV", "timestamp": 270, "thread_id": 1, "data1": 2, "data2": 1}
{"ktf_event": "SCHEDULER_SWITCH", "timestamp": 271, "thread_id": 2, "data1": 1, "data2": 0}
{"ktf_event": "SCHEDULER_SWITCH", "timestamp": 272, "thread_id": 3, "data1": 2, "data2": 0}
{"ktf_event": "SCHEDULER_SWITCH", "timestamp": 272, "thread_id": 1, "data1": 3, "data2": 0}
{"ktf_event": "IPC_RECV", "timestamp": 272, "thread_id": 1, "data1": 2, "data2": 1}
{"ktf_event": "SCHEDULER_SWITCH", "timestamp": 274, "thread_id": 2, "data1": 1, "data2": 0}
{"ktf_event": "IPC_SEND", "timestamp": 274, "thread_id": 2, "data1": 1, "data2": 1}
{"ktf_event": "SCHEDULER_SWITCH", "timestamp": 277, "thread_id": 3, "data1": 2, "data2": 0}
{"ktf_event": "SCHEDULER_SWITCH", "timestamp": 277, "thread_id": 1, "data1": 3, "data2": 0}
{"ktf_event": "IPC_RECV", "timestamp": 277, "thread_id": 1, "data1": 2, "data2": 1}
{"ktf_event": "SCHEDULER_SWITCH", "timestamp": 279, "thread_id": 2, "data1": 1, "data2": 0}
{"ktf_event": "IPC_SEND", "timestamp": 279, "thread_id": 2, "data1": 1, "data2": 1}
{"ktf_event": "SCHEDULER_SWITCH", "timestamp": 280, "thread_id": 3, "data1": 2, "data2": 0}
{"ktf_event": "SCHEDULER_SWITCH", "timestamp": 280, "thread_id": 1, "data1": 3, "data2": 0}
{"ktf_event": "IPC_RECV", "timestamp": 280, "thread_id": 1, "data1": 2, "data2": 1}
{"ktf_event": "SCHEDULER_SWITCH", "timestamp": 281, "thread_id": 2, "data1": 1, "data2": 0}
{"ktf_event": "SCHEDULER_SWITCH", "timestamp": 283, "thread_id": 3, "data1": 2, "data2": 0}
{"ktf_event": "SCHEDULER_SWITCH", "timestamp": 283, "thread_id": 1, "data1": 3, "data2": 0}
{"ktf_event": "SCHEDULER_SWITCH", "timestamp": 285, "thread_id": 2, "data1": 1, "data2": 0}
{"ktf_event": "IPC_SEND", "timestamp": 285, "thread_id": 2, "data1": 1, "data2": 1}
{"ktf_event": "SCHEDULER_SWITCH", "timestamp": 288, "thread_id": 3, "data1": 2, "data2": 0}
{"ktf_event": "SCHEDULER_SWITCH", "timestamp": 288, "thread_id": 1, "data1": 3, "data2": 0}
{"ktf_event": "IPC_RECV", "timestamp": 288, "thread_id": 1, "data1": 2, "data2": 1}
{"ktf_event": "SCHEDULER_SWITCH", "timestamp": 290, "thread_id": 2, "data1": 1, "data2": 0}
{"ktf_event": "IPC_SEND", "timestamp": 290, "thread_id": 2, "data1": 1, "data2": 1}
{"ktf_event": "SCHEDULER_SWITCH", "timestamp": 293, "thread_id": 3, "data1": 2, "data2": 0}
{"ktf_event": "SCHEDULER_SWITCH", "timestamp": 293, "thread_id": 1, "data1": 3, "data2": 0}
{"ktf_event": "SCHEDULER_SWITCH", "timestamp": 293, "thread_id": 2, "data1": 1, "data2": 0}
{"ktf_event": "IPC_SEND", "timestamp": 293, "thread_id": 2, "data1": 1, "data2": 1}
{"ktf_event": "SCHEDULER_SWITCH", "timestamp": 295, "thread_id": 3, "data1": 2, "data2": 0}
{"ktf_event": "SCHEDULER_SWITCH", "timestamp": 295, "thread_id": 1, "data1": 3, "data2": 0}
{"ktf_event": "IPC_RECV", "timestamp": 295, "thread_id": 1, "data1": 2, "data2": 1}
{"ktf_event": "SCHEDULER_SWITCH", "timestamp": 297, "thread_id": 2, "data1": 1, "data2": 0}
{"ktf_event": "IPC_SEND", "timestamp": 298, "thread_id": 2, "data1": 1, "data2": 1}
{"ktf_event": "SCHEDULER_SWITCH", "timestamp": 300, "thread_id": 3, "data1": 2, "data2": 0}
{"ktf_event": "SCHEDULER_SWITCH", "timestamp": 300, "thread_id": 1, "data1": 3, "data2": 0}
{"ktf_event": "IPC_RECV", "timestamp": 300, "thread_id": 1, "data1": 2, "data2": 1}
{"ktf_event": "SCHEDULER_SWITCH", "timestamp": 301, "thread_id": 2, "data1": 1, "data2": 0}
{"ktf_event": "SCHEDULER_SWITCH", "timestamp": 302, "thread_id": 3, "data1": 2, "data2": 0}
{"ktf_event": "SCHEDULER_SWITCH", "timestamp": 302, "thread_id": 1, "data1": 3, "data2": 0}
{"ktf_event": "IPC_RECV", "timestamp": 302, "thread_id": 1, "data1": 2, "data2": 1}
{"ktf_event": "SCHEDULER_SWITCH", "timestamp": 303, "thread_id": 2, "data1": 1, "data2": 0}
{"ktf_event": "IPC_SEND", "timestamp": 304, "thread_id": 2, "data1": 1, "data2": 1}
{"ktf_event": "SCHEDULER_SWITCH", "timestamp": 306, "thread_id": 3, "data1": 2, "data2": 0}
{"ktf_event": "SCHEDULER_SWITCH", "timestamp": 306, "thread_id": 1, "data1": 3, "data2": 0}
{"ktf_event": "IPC_RECV", "timestamp": 306, "thread_id": 1, "data1": 2, "data2": 1}
{"ktf_event": "SCHEDULER_SWITCH", "timestamp": 308, "thread_id": 2, "data1": 1, "data2": 0}
{"ktf_event": "IPC_SEND", "timestamp": 308, "thread_id": 2, "data1": 1, "data2": 1}
{"ktf_event": "SCHEDULER_SWITCH", "timestamp": 310, "thread_id": 3, "data1": 2, "data2": 0}
{"ktf_event": "SCHEDULER_SWITCH", "timestamp": 310, "thread_id": 1, "data1": 3, "data2": 0}
{"ktf_event": "IPC_RECV", "timestamp": 310, "thread_id": 1, "data1": 2, "data2": 1}
{"ktf_event": "SCHEDULER_SWITCH", "timestamp": 311, "thread_id": 2, "data1": 1, "data2": 0}
{"ktf_event": "SCHEDULER_SWITCH", "timestamp": 313, "thread_id": 3, "data1": 2, "data2": 0}
{"ktf_event": "SCHEDULER_SWITCH", "timestamp": 313, "thread_id": 1, "data1": 3, "data2": 0}
{"ktf_event": "SCHEDULER_SWITCH", "timestamp": 314, "thread_id": 2, "data1": 1, "data2": 0}
{"ktf_event": "IPC_SEND", "timestamp": 314, "thread_id": 2, "data1": 1, "data2": 1}
{"ktf_event": "SCHEDULER_SWITCH", "timestamp": 317, "thread_id": 3, "data1": 2, "data2": 0}
{"ktf_event": "SCHEDULER_SWITCH", "timestamp": 317, "thread_id": 1, "data1": 3, "data2": 0}
{"ktf_event": "IPC_RECV", "timestamp": 317, "thread_id": 1, "data1": 2, "data2": 1}
{"ktf_event": "SCHEDULER_SWITCH", "timestamp": 318, "thread_id": 2, "data1": 1, "data2": 0}
{"ktf_event": "IPC_SEND", "timestamp": 318, "thread_id": 2, "data1": 1, "data2": 1}
{"ktf_event": "SCHEDULER_SWITCH", "timestamp": 320, "thread_id": 3, "data1": 2, "data2": 0}
{"ktf_event": "SCHEDULER_SWITCH", "timestamp": 320, "thread_id": 1, "data1": 3, "data2": 0}
{"ktf_event": "IPC_RECV", "timestamp": 320, "thread_id": 1, "data1": 2, "data2": 1}
{"ktf_event": "SCHEDULER_SWITCH", "timestamp": 321, "thread_id": 2, "data1": 1, "data2": 0}
{"ktf_event": "SCHEDULER_SWITCH", "timestamp": 322, "thread_id": 3, "data1": 2, "data2": 0}
{"ktf_event": "SCHEDULER_SWITCH", "timestamp": 322, "thread_id": 1, "data1": 3, "data2": 0}
{"ktf_event": "SCHEDULER_SWITCH", "timestamp": 323, "thread_id": 2, "data1": 1, "data2": 0}
{"ktf_event": "IPC_SEND", "timestamp": 323, "thread_id": 2, "data1": 1, "data2": 1}
{"ktf_event": "SCHEDULER_SWITCH", "timestamp": 326, "thread_id": 3, "data1": 2, "data2": 0}
{"ktf_event": "SCHEDULER_SWITCH", "timestamp": 326, "thread_id": 1, "data1": 3, "data2": 0}
{"ktf_event": "IPC_RECV", "timestamp": 326, "thread_id": 1, "data1": 2, "data2": 1}
{"ktf_event": "SCHEDULER_SWITCH", "timestamp": 327, "thread_id": 2, "data1": 1, "data2": 0}
{"ktf_event": "IPC_SEND", "timestamp": 327, "thread_id": 2, "data1": 1, "data2": 1}
{"ktf_event": "SCHEDULER_SWITCH", "timestamp": 329, "thread_id": 3, "data1": 2, "data2": 0}
{"ktf_event": "SCHEDULER_SWITCH", "timestamp": 329, "thread_id": 1, "data1": 3, "data2": 0}
{"ktf_event": "IPC_RECV", "timestamp": 329, "thread_id": 1, "data1": 2, "data2": 1}
{"ktf_event": "SCHEDULER_SWITCH", "timestamp": 330, "thread_id": 2, "data1": 1, "data2": 0}
{"ktf_event": "IPC_SEND", "timestamp": 330, "thread_id": 2, "data1": 1, "data2": 1}
{"ktf_event": "SCHEDULER_SWITCH", "timestamp": 332, "thread_id": 3, "data1": 2, "data2": 0}
{"ktf_event": "SCHEDULER_SWITCH", "timestamp": 332, "thread_id": 1, "data1": 3, "data2": 0}
{"ktf_event": "SCHEDULER_SWITCH", "timestamp": 333, "thread_id": 2, "data1": 1, "data2": 0}
{"ktf_event": "IPC_SEND", "timestamp": 333, "thread_id": 2, "data1": 1, "data2": 1}
{"ktf_event": "SCHEDULER_SWITCH", "timestamp": 336, "thread_id": 3, "data1": 2, "data2": 0}
{"ktf_event": "SCHEDULER_SWITCH", "timestamp": 336, "thread_id": 1, "data1": 3, "data2": 0}
{"ktf_event": "IPC_RECV", "timestamp": 336, "thread_id": 1, "data1": 2, "data2": 1}
{"ktf_event": "SCHEDULER_SWITCH", "timestamp": 337, "thread_id": 2, "data1": 1, "data2": 0}
{"ktf_event": "IPC_SEND", "timestamp": 337, "thread_id": 2, "data1": 1, "data2": 1}
{"ktf_event": "SCHEDULER_SWITCH", "timestamp": 339, "thread_id": 3, "data1": 2, "data2": 0}
{"ktf_event": "SCHEDULER_SWITCH", "timestamp": 339, "thread_id": 1, "data1": 3, "data2": 0}
{"ktf_event": "IPC_RECV", "timestamp": 339, "thread_id": 1, "data1": 2, "data2": 1}
{"ktf_event": "SCHEDULER_SWITCH", "timestamp": 340, "thread_id": 2, "data1": 1, "data2": 0}
{"ktf_event": "IPC_SEND", "timestamp": 340, "thread_id": 2, "data1": 1, "data2": 1}
{"ktf_event": "SCHEDULER_SWITCH", "timestamp": 341, "thread_id": 3, "data1": 2, "data2": 0}
{"ktf_event": "SCHEDULER_SWITCH", "timestamp": 341, "thread_id": 1, "data1": 3, "data2": 0}
{"ktf_event": "SCHEDULER_SWITCH", "timestamp": 343, "thread_id": 2, "data1": 1, "data2": 0}
{"ktf_event": "IPC_SEND", "timestamp": 343, "thread_id": 2, "data1": 1, "data2": 1}
{"ktf_event": "SCHEDULER_SWITCH", "timestamp": 346, "thread_id": 3, "data1": 2, "data2": 0}
{"ktf_event": "SCHEDULER_SWITCH", "timestamp": 346, "thread_id": 1, "data1": 3, "data2": 0}
{"ktf_event": "IPC_RECV", "timestamp": 346, "thread_id": 1, "data1": 2, "data2": 1}
{"ktf_event": "SCHEDULER_SWITCH", "timestamp": 347, "thread_id": 2, "data1": 1, "data2": 0}
{"ktf_event": "IPC_SEND", "timestamp": 347, "thread_id": 2, "data1": 1, "data2": 1}
{"ktf_event": "SCHEDULER_SWITCH", "timestamp": 350, "thread_id": 3, "data1": 2, "data2": 0}
{"ktf_event": "SCHEDULER_SWITCH", "timestamp": 350, "thread_id": 1, "data1": 3, "data2": 0}
{"ktf_event": "IPC_RECV", "timestamp": 350, "thread_id": 1, "data1": 2, "data2": 1}
{"ktf_event": "SCHEDULER_SWITCH", "timestamp": 351, "thread_id": 2, "data1": 1, "data2": 0}
{"ktf_event": "SCHEDULER_SWITCH", "timestamp": 351, "thread_id": 3, "data1": 2, "data2": 0}
{"ktf_event": "SCHEDULER_SWITCH", "timestamp": 351, "thread_id": 1, "data1": 3, "data2": 0}
{"ktf_event": "IPC_RECV", "timestamp": 351, "thread_id": 1, "data1": 2, "data2": 1}
{"ktf_event": "SCHEDULER_SWITCH", "timestamp": 353, "thread_id": 2, "data1": 1, "data2": 0}
{"ktf_event": "IPC_SEND", "timestamp": 353, "thread_id": 2, "data1": 1, "data2": 1}
{"ktf_event": "SCHEDULER_SWITCH", "timestamp": 355, "thread_id": 3, "data1": 2, "data2": 0}
{"ktf_event": "SCHEDULER_SWITCH", "timestamp": 355, "thread_id": 1, "data1": 3, "data2": 0}
{"ktf_event": "IPC_RECV", "timestamp": 355, "thread_id": 1, "data1": 2, "data2": 1}
{"ktf_event": "SCHEDULER_SWITCH", "timestamp": 356, "thread_id": 2, "data1": 1, "data2": 0}
{"ktf_event": "IPC_SEND", "timestamp": 356, "thread_id": 2, "data1": 1, "data2": 1}
{"ktf_event": "SCHEDULER_SWITCH", "timestamp": 359, "thread_id": 3, "data1": 2, "data2": 0}
{"ktf_event": "SCHEDULER_SWITCH", "timestamp": 359, "thread_id": 1, "data1": 3, "data2": 0}
{"ktf_event": "IPC_RECV", "timestamp": 359, "thread_id": 1, "data1": 2, "data2": 1}
{"ktf_event": "SCHEDULER_SWITCH", "timestamp": 360, "thread_id": 2, "data1": 1, "data2": 0}
{"ktf_event": "IPC_SEND", "timestamp": 360, "thread_id": 2, "data1": 1, "data2": 1}
{"ktf_event": "SCHEDULER_SWITCH", "timestamp": 362, "thread_id": 3, "data1": 2, "data2": 0}
{"ktf_event": "SCHEDULER_SWITCH", "timestamp": 362, "thread_id": 1, "data1": 3, "data2": 0}
{"ktf_event": "SCHEDULER_SWITCH", "timestamp": 363, "thread_id": 2, "data1": 1, "data2": 0}
{"ktf_event": "IPC_SEND", "timestamp": 363, "thread_id": 2, "data1": 1, "data2": 1}
{"ktf_event": "SCHEDULER_SWITCH", "timestamp": 365, "thread_id": 3, "data1": 2, "data2": 0}
{"ktf_event": "SCHEDULER_SWITCH", "timestamp": 365, "thread_id": 1, "data1": 3, "data2": 0}
{"ktf_event": "IPC_RECV", "timestamp": 365, "thread_id": 1, "data1": 2, "data2": 1}
{"ktf_event": "SCHEDULER_SWITCH", "timestamp": 367, "thread_id": 2, "data1": 1, "data2": 0}
{"ktf_event": "IPC_SEND", "timestamp": 367, "thread_id": 2, "data1": 1, "data2": 1}
{"ktf_event": "SCHEDULER_SWITCH", "timestamp": 370, "thread_id": 3, "data1": 2, "data2": 0}
{"ktf_event": "SCHEDULER_SWITCH", "timestamp": 370, "thread_id": 1, "data1": 3, "data2": 0}
{"ktf_event": "IPC_RECV", "timestamp": 370, "thread_id": 1, "data1": 2, "data2": 1}
{"ktf_event": "SCHEDULER_SWITCH", "timestamp": 371, "thread_id": 2, "data1": 1, "data2": 0}
{"ktf_event": "SCHEDULER_SWITCH", "timestamp": 371, "thread_id": 3, "data1": 2, "data2": 0}
{"ktf_event": "SCHEDULER_SWITCH", "timestamp": 371, "thread_id": 1, "data1": 3, "data2": 0}
{"ktf_event": "IPC_RECV", "timestamp": 371, "thread_id": 1, "data1": 2, "data2": 1}
{"ktf_event": "SCHEDULER_SWITCH", "timestamp": 372, "thread_id": 2, "data1": 1, "data2": 0}
{"ktf_event": "IPC_SEND", "timestamp": 372, "thread_id": 2, "data1": 1, "data2": 1}
{"ktf_event": "SCHEDULER_SWITCH", "timestamp": 375, "thread_id": 3, "data1": 2, "data2": 0}
{"ktf_event": "SCHEDULER_SWITCH", "timestamp": 375, "thread_id": 1, "data1": 3, "data2": 0}
{"ktf_event": "IPC_RECV", "timestamp": 375, "thread_id": 1, "data1": 2, "data2": 1}
{"ktf_event": "SCHEDULER_SWITCH", "timestamp": 376, "thread_id": 2, "data1": 1, "data2": 0}
{"ktf_event": "IPC_SEND", "timestamp": 376, "thread_id": 2, "data1": 1, "data2": 1}
{"ktf_event": "SCHEDULER_SWITCH", "timestamp": 379, "thread_id": 3, "data1": 2, "data2": 0}
{"ktf_event": "SCHEDULER_SWITCH", "timestamp": 379, "thread_id": 1, "data1": 3, "data2": 0}
{"ktf_event": "IPC_RECV", "timestamp": 379, "thread_id": 1, "data1": 2, "data2": 1}
{"ktf_event": "SCHEDULER_SWITCH", "timestamp": 380, "thread_id": 2, "data1": 1, "data2": 0}
{"ktf_event": "IPC_SEND", "timestamp": 380, "thread_id": 2, "data1": 1, "data2": 1}
{"ktf_event": "SCHEDULER_SWITCH", "timestamp": 382, "thread_id": 3, "data1": 2, "data2": 0}
{"ktf_event": "SCHEDULER_SWITCH", "timestamp": 382, "thread_id": 1, "data1": 3, "data2": 0}
{"ktf_event": "SCHEDULER_SWITCH", "timestamp": 382, "thread_id": 2, "data1": 1, "data2": 0}
{"ktf_event": "IPC_SEND", "timestamp": 382, "thread_id": 2, "data1": 1, "data2": 1}
{"ktf_event": "SCHEDULER_SWITCH", "timestamp": 385, "thread_id": 3, "data1": 2, "data2": 0}
{"ktf_event": "SCHEDULER_SWITCH", "timestamp": 385, "thread_id": 1, "data1": 3, "data2": 0}
{"ktf_event": "IPC_RECV", "timestamp": 385, "thread_id": 1, "data1": 2, "data2": 1}
{"ktf_event": "SCHEDULER_SWITCH", "timestamp": 386, "thread_id": 2, "data1": 1, "data2": 0}
{"ktf_event": "IPC_SEND", "timestamp": 386, "thread_id": 2, "data1": 1, "data2": 1}
{"ktf_event": "SCHEDULER_SWITCH", "timestamp": 389, "thread_id": 3, "data1": 2, "data2": 0}
{"ktf_event": "SCHEDULER_SWITCH", "timestamp": 389, "thread_id": 1, "data1": 3, "data2": 0}
{"ktf_event": "IPC_RECV", "timestamp": 389, "thread_id": 1, "data1": 2, "data2": 1}
{"ktf_event": "SCHEDULER_SWITCH", "timestamp": 390, "thread_id": 2, "data1": 1, "data2": 0}
{"ktf_event": "IPC_SEND", "timestamp": 390, "thread_id": 2, "data1": 1, "data2": 1}
{"ktf_event": "SCHEDULER_SWITCH", "timestamp": 392, "thread_id": 3, "data1": 2, "data2": 0}
{"ktf_event": "SCHEDULER_SWITCH", "timestamp": 392, "thread_id": 1, "data1": 3, "data2": 0}
{"ktf_event": "SCHEDULER_SWITCH", "timestamp": 392, "thread_id": 2, "data1": 1, "data2": 0}
{"ktf_event": "IPC_SEND", "timestamp": 392, "thread_id": 2, "data1": 1, "data2": 1}
{"ktf_event": "SCHEDULER_SWITCH", "timestamp": 395, "thread_id": 3, "data1": 2, "data2": 0}
{"ktf_event": "SCHEDULER_SWITCH", "timestamp": 395, "thread_id": 1, "data1": 3, "data2": 0}
{"ktf_event": "IPC_RECV", "timestamp": 395, "thread_id": 1, "data1": 2, "data2": 1}
{"ktf_event": "SCHEDULER_SWITCH", "timestamp": 397, "thread_id": 2, "data1": 1, "data2": 0}
{"ktf_event": "IPC_SEND", "timestamp": 397, "thread_id": 2, "data1": 1, "data2": 1}
{"ktf_event": "SCHEDULER_SWITCH", "timestamp": 399, "thread_id": 3, "data1": 2, "data2": 0}
{"ktf_event": "SCHEDULER_SWITCH", "timestamp": 399, "thread_id": 1, "data1": 3, "data2": 0}
{"ktf_event": "IPC_RECV", "timestamp": 399, "thread_id": 1, "data1": 2, "data2": 1}
{"ktf_event": "SCHEDULER_SWITCH", "timestamp": 400, "thread_id": 2, "data1": 1, "data2": 0}
{"ktf_event": "IPC_SEND", "timestamp": 400, "thread_id": 2, "data1": 1, "data2": 1}
{"ktf_event": "SCHEDULER_SWITCH", "timestamp": 402, "thread_id": 3, "data1": 2, "data2": 0}
{"ktf_event": "SCHEDULER_SWITCH", "timestamp": 402, "thread_id": 1, "data1": 3, "data2": 0}
{"ktf_event": "SCHEDULER_SWITCH", "timestamp": 402, "thread_id": 2, "data1": 1, "data2": 0}
{"ktf_event": "IPC_SEND", "timestamp": 402, "thread_id": 2, "data1": 1, "data2": 1}
{"ktf_event": "SCHEDULER_SWITCH", "timestamp": 405, "thread_id": 3, "data1": 2, "data2": 0}
{"ktf_event": "SCHEDULER_SWITCH", "timestamp": 405, "thread_id": 1, "data1": 3, "data2": 0}
{"ktf_event": "IPC_RECV", "timestamp": 405, "thread_id": 1, "data1": 2, "data2": 1}
{"ktf_event": "SCHEDULER_SWITCH", "timestamp": 407, "thread_id": 2, "data1": 1, "data2": 0}
{"ktf_event": "IPC_SEND", "timestamp": 407, "thread_id": 2, "data1": 1, "data2": 1}
{"ktf_event": "SCHEDULER_SWITCH", "timestamp": 409, "thread_id": 3, "data1": 2, "data2": 0}
{"ktf_event": "SCHEDULER_SWITCH", "timestamp": 409, "thread_id": 1, "data1": 3, "data2": 0}
{"ktf_event": "IPC_RECV", "timestamp": 409, "thread_id": 1, "data1": 2, "data2": 1}
{"ktf_event": "SCHEDULER_SWITCH", "timestamp": 410, "thread_id": 2, "data1": 1, "data2": 0}
{"ktf_event": "IPC_SEND", "timestamp": 410, "thread_id": 2, "data1": 1, "data2": 1}
{"ktf_event": "SCHEDULER_SWITCH", "timestamp": 412, "thread_id": 3, "data1": 2, "data2": 0}
{"ktf_event": "SCHEDULER_SWITCH", "timestamp": 412, "thread_id": 1, "data1": 3, "data2": 0}
{"ktf_event": "SCHEDULER_SWITCH", "timestamp": 413, "thread_id": 2, "data1": 1, "data2": 0}
{"ktf_event": "IPC_SEND", "timestamp": 413, "thread_id": 2, "data1": 1, "data2": 1}
{"ktf_event": "SCHEDULER_SWITCH", "timestamp": 416, "thread_id": 3, "data1": 2, "data2": 0}
{"ktf_event": "SCHEDULER_SWITCH", "timestamp": 416, "thread_id": 1, "data1": 3, "data2": 0}
{"ktf_event": "IPC_RECV", "timestamp": 416, "thread_id": 1, "data1": 2, "data2": 1}
{"ktf_event": "SCHEDULER_SWITCH", "timestamp": 417, "thread_id": 2, "data1": 1, "data2": 0}
{"ktf_event": "IPC_SEND", "timestamp": 417, "thread_id": 2, "data1": 1, "data2": 1}
{"ktf_event": "SCHEDULER_SWITCH", "timestamp": 420, "thread_id": 3, "data1": 2, "data2": 0}
{"ktf_event": "SCHEDULER_SWITCH", "timestamp": 420, "thread_id": 1, "data1": 3, "data2": 0}
{"ktf_event": "IPC_RECV", "timestamp": 420, "thread_id": 1, "data1": 2, "data2": 1}
{"ktf_event": "SCHEDULER_SWITCH", "timestamp": 421, "thread_id": 2, "data1": 1, "data2": 0}
{"ktf_event": "SCHEDULER_SWITCH", "timestamp": 421, "thread_id": 3, "data1": 2, "data2": 0}
{"ktf_event": "SCHEDULER_SWITCH", "timestamp": 421, "thread_id": 1, "data1": 3, "data2": 0}
{"ktf_event": "IPC_RECV", "timestamp": 421, "thread_id": 1, "data1": 2, "data2": 1}
{"ktf_event": "SCHEDULER_SWITCH", "timestamp": 423, "thread_id": 2, "data1": 1, "data2": 0}
{"ktf_event": "IPC_SEND", "timestamp": 423, "thread_id": 2, "data1": 1, "data2": 1}
{"ktf_event": "SCHEDULER_SWITCH", "timestamp": 425, "thread_id": 3, "data1": 2, "data2": 0}
{"ktf_event": "SCHEDULER_SWITCH", "timestamp": 425, "thread_id": 1, "data1": 3, "data2": 0}
{"ktf_event": "IPC_RECV", "timestamp": 425, "thread_id": 1, "data1": 2, "data2": 1}
{"ktf_event": "SCHEDULER_SWITCH", "timestamp": 426, "thread_id": 2, "data1": 1, "data2": 0}
{"ktf_event": "IPC_SEND", "timestamp": 427, "thread_id": 2, "data1": 1, "data2": 1}
{"ktf_event": "SCHEDULER_SWITCH", "timestamp": 429, "thread_id": 3, "data1": 2, "data2": 0}
{"ktf_event": "SCHEDULER_SWITCH", "timestamp": 429, "thread_id": 1, "data1": 3, "data2": 0}
{"ktf_event": "IPC_RECV", "timestamp": 429, "thread_id": 1, "data1": 2, "data2": 1}
{"ktf_event": "SCHEDULER_SWITCH", "timestamp": 430, "thread_id": 2, "data1": 1, "data2": 0}
{"ktf_event": "IPC_SEND", "timestamp": 430, "thread_id": 2, "data1": 1, "data2": 1}
{"ktf_event": "SCHEDULER_SWITCH", "timestamp": 431, "thread_id": 3, "data1": 2, "data2": 0}
{"ktf_event": "SCHEDULER_SWITCH", "timestamp": 431, "thread_id": 1, "data1": 3, "data2": 0}
{"ktf_event": "SCHEDULER_SWITCH", "timestamp": 433, "thread_id": 2, "data1": 1, "data2": 0}
{"ktf_event": "IPC_SEND", "timestamp": 433, "thread_id": 2, "data1": 1, "data2": 1}
{"ktf_event": "SCHEDULER_SWITCH", "timestamp": 435, "thread_id": 3, "data1": 2, "data2": 0}
{"ktf_event": "SCHEDULER_SWITCH", "timestamp": 435, "thread_id": 1, "data1": 3, "data2": 0}
{"ktf_event": "IPC_RECV", "timestamp": 435, "thread_id": 1, "data1": 2, "data2": 1}
{"ktf_event": "SCHEDULER_SWITCH", "timestamp": 436, "thread_id": 2, "data1": 1, "data2": 0}
{"ktf_event": "IPC_SEND", "timestamp": 436, "thread_id": 2, "data1": 1, "data2": 1}
{"ktf_event": "SCHEDULER_SWITCH", "timestamp": 438, "thread_id": 3, "data1": 2, "data2": 0}
{"ktf_event": "SCHEDULER_SWITCH", "timestamp": 439, "thread_id": 1, "data1": 3, "data2": 0}
{"ktf_event": "IPC_RECV", "timestamp": 439, "thread_id": 1, "data1": 2, "data2": 1}
{"ktf_event": "SCHEDULER_SWITCH", "timestamp": 440, "thread_id": 2, "data1": 1, "data2": 0}
{"ktf_event": "IPC_SEND", "timestamp": 440, "thread_id": 2, "data1": 1, "data2": 1}
{"ktf_event": "SCHEDULER_SWITCH", "timestamp": 442, "thread_id": 3, "data1": 2, "data2": 0}
{"ktf_event": "SCHEDULER_SWITCH", "timestamp": 442, "thread_id": 1, "data1": 3, "data2": 0}
{"ktf_event": "SCHEDULER_SWITCH", "timestamp": 442, "thread_id": 2, "data1": 1, "data2": 0}
{"ktf_event": "IPC_SEND", "timestamp": 442, "thread_id": 2, "data1": 1, "data2": 1}
{"ktf_event": "SCHEDULER_SWITCH", "timestamp": 444, "thread_id": 3, "data1": 2, "data2": 0}
{"ktf_event": "SCHEDULER_SWITCH", "timestamp": 444, "thread_id": 1, "data1": 3, "data2": 0}
{"ktf_event": "IPC_RECV", "timestamp": 444, "thread_id": 1, "data1": 2, "data2": 1}
{"ktf_event": "SCHEDULER_SWITCH", "timestamp": 446, "thread_id": 2, "data1": 1, "data2": 0}
{"ktf_event": "IPC_SEND", "timestamp": 446, "thread_id": 2, "data1": 1, "data2": 1}
{"ktf_event": "SCHEDULER_SWITCH", "timestamp": 448, "thread_id": 3, "data1": 2, "data2": 0}
{"ktf_event": "SCHEDULER_SWITCH", "timestamp": 448, "thread_id": 1, "data1": 3, "data2": 0}
{"ktf_event": "IPC_RECV", "timestamp": 448, "thread_id": 1, "data1": 2, "data2": 1}
{"ktf_event": "SCHEDULER_SWITCH", "timestamp": 450, "thread_id": 2, "data1": 1, "data2": 0}
{"ktf_event": "IPC_SEND", "timestamp": 450, "thread_id": 2, "data1": 1, "data2": 1}
{"ktf_event": "SCHEDULER_SWITCH", "timestamp": 452, "thread_id": 3, "data1": 2, "data2": 0}
{"ktf_event": "SCHEDULER_SWITCH", "timestamp": 452, "thread_id": 1, "data1": 3, "data2": 0}
{"ktf_event": "SCHEDULER_SWITCH", "timestamp": 452, "thread_id": 2, "data1": 1, "data2": 0}
{"ktf_event": "IPC_SEND", "timestamp": 453, "thread_id": 2, "data1": 1, "data2": 1}
{"ktf_event": "SCHEDULER_SWITCH", "timestamp": 455, "thread_id": 3, "data1": 2, "data2": 0}
{"ktf_event": "SCHEDULER_SWITCH", "timestamp": 455, "thread_id": 1, "data1": 3, "data2": 0}
{"ktf_event": "IPC_RECV", "timestamp": 455, "thread_id": 1, "data1": 2, "data2": 1}
{"ktf_event": "SCHEDULER_SWITCH", "timestamp": 456, "thread_id": 2, "data1": 1, "data2": 0}
{"ktf_event": "IPC_SEND", "timestamp": 456, "thread_id": 2, "data1": 1, "data2": 1}
{"ktf_event": "SCHEDULER_SWITCH", "timestamp": 458, "thread_id": 3, "data1": 2, "data2": 0}
{"ktf_event": "SCHEDULER_SWITCH", "timestamp": 458, "thread_id": 1, "data1": 3, "data2": 0}
{"ktf_event": "IPC_RECV", "timestamp": 458, "thread_id": 1, "data1": 2, "data2": 1}
{"ktf_event": "SCHEDULER_SWITCH", "timestamp": 460, "thread_id": 2, "data1": 1, "data2": 0}
{"ktf_event": "IPC_SEND", "timestamp": 460, "thread_id": 2, "data1": 1, "data2": 1}
{"ktf_event": "SCHEDULER_SWITCH", "timestamp": 462, "thread_id": 3, "data1": 2, "data2": 0}
{"ktf_event": "SCHEDULER_SWITCH", "timestamp": 462, "thread_id": 1, "data1": 3, "data2": 0}
{"ktf_event": "SCHEDULER_SWITCH", "timestamp": 462, "thread_id": 2, "data1": 1, "data2": 0}
{"ktf_event": "IPC_SEND", "timestamp": 462, "thread_id": 2, "data1": 1, "data2": 1}
{"ktf_event": "SCHEDULER_SWITCH", "timestamp": 465, "thread_id": 3, "data1": 2, "data2": 0}
{"ktf_event": "SCHEDULER_SWITCH", "timestamp": 465, "thread_id": 1, "data1": 3, "data2": 0}
{"ktf_event": "IPC_RECV", "timestamp": 465, "thread_id": 1, "data1": 2, "data2": 1}
{"ktf_event": "SCHEDULER_SWITCH", "timestamp": 466, "thread_id": 2, "data1": 1, "data2": 0}
{"ktf_event": "IPC_SEND", "timestamp": 466, "thread_id": 2, "data1": 1, "data2": 1}
{"ktf_event": "SCHEDULER_SWITCH", "timestamp": 468, "thread_id": 3, "data1": 2, "data2": 0}
{"ktf_event": "SCHEDULER_SWITCH", "timestamp": 468, "thread_id": 1, "data1": 3, "data2": 0}
{"ktf_event": "IPC_RECV", "timestamp": 468, "thread_id": 1, "data1": 2, "data2": 1}
{"ktf_event": "SCHEDULER_SWITCH", "timestamp": 470, "thread_id": 2, "data1": 1, "data2": 0}
{"ktf_event": "IPC_SEND", "timestamp": 470, "thread_id": 2, "data1": 1, "data2": 1}
{"ktf_event": "SCHEDULER_SWITCH", "timestamp": 472, "thread_id": 3, "data1": 2, "data2": 0}
{"ktf_event": "SCHEDULER_SWITCH", "timestamp": 472, "thread_id": 1, "data1": 3, "data2": 0}
{"ktf_event": "SCHEDULER_SWITCH", "timestamp": 472, "thread_id": 2, "data1": 1, "data2": 0}
{"ktf_event": "IPC_SEND", "timestamp": 472, "thread_id": 2, "data1": 1, "data2": 1}
{"ktf_event": "SCHEDULER_SWITCH", "timestamp": 475, "thread_id": 3, "data1": 2, "data2": 0}
{"ktf_event": "SCHEDULER_SWITCH", "timestamp": 475, "thread_id": 1, "data1": 3, "data2": 0}
{"ktf_event": "IPC_RECV", "timestamp": 475, "thread_id": 1, "data1": 2, "data2": 1}
{"ktf_event": "SCHEDULER_SWITCH", "timestamp": 477, "thread_id": 2, "data1": 1, "data2": 0}
{"ktf_event": "IPC_SEND", "timestamp": 477, "thread_id": 2, "data1": 1, "data2": 1}
{"ktf_event": "SCHEDULER_SWITCH", "timestamp": 479, "thread_id": 3, "data1": 2, "data2": 0}
{"ktf_event": "SCHEDULER_SWITCH", "timestamp": 479, "thread_id": 1, "data1": 3, "data2": 0}
{"ktf_event": "IPC_RECV", "timestamp": 479, "thread_id": 1, "data1": 2, "data2": 1}
{"ktf_event": "SCHEDULER_SWITCH", "timestamp": 480, "thread_id": 2, "data1": 1, "data2": 0}
{"ktf_event": "IPC_SEND", "timestamp": 480, "thread_id": 2, "data1": 1, "data2": 1}
{"ktf_event": "SCHEDULER_SWITCH", "timestamp": 482, "thread_id": 3, "data1": 2, "data2": 0}
{"ktf_event": "SCHEDULER_SWITCH", "timestamp": 482, "thread_id": 1, "data1": 3, "data2": 0}
{"ktf_event": "SCHEDULER_SWITCH", "timestamp": 483, "thread_id": 2, "data1": 1, "data2": 0}
{"ktf_event": "IPC_SEND", "timestamp": 483, "thread_id": 2, "data1": 1, "data2": 1}
{"ktf_event": "SCHEDULER_SWITCH", "timestamp": 486, "thread_id": 3, "data1": 2, "data2": 0}
{"ktf_event": "SCHEDULER_SWITCH", "timestamp": 486, "thread_id": 1, "data1": 3, "data2": 0}
{"ktf_event": "IPC_RECV", "timestamp": 486, "thread_id": 1, "data1": 2, "data2": 1}
{"ktf_event": "SCHEDULER_SWITCH", "timestamp": 488, "thread_id": 2, "data1": 1, "data2": 0}
{"ktf_event": "IPC_SEND", "timestamp": 488, "thread_id": 2, "data1": 1, "data2": 1}
{"ktf_event": "SCHEDULER_SWITCH", "timestamp": 490, "thread_id": 3, "data1": 2, "data2": 0}
{"ktf_event": "SCHEDULER_SWITCH", "timestamp": 490, "thread_id": 1, "data1": 3, "data2": 0}
{"ktf_event": "IPC_RECV", "timestamp": 490, "thread_id": 1, "data1": 2, "data2": 1}
{"ktf_event": "SCHEDULER_SWITCH", "timestamp": 491, "thread_id": 2, "data1": 1, "data2": 0}
{"ktf_event": "SCHEDULER_SWITCH", "timestamp": 492, "thread_id": 3, "data1": 2, "data2": 0}
{"ktf_event": "SCHEDULER_SWITCH", "timestamp": 492, "thread_id": 1, "data1": 3, "data2": 0}
{"ktf_event": "IPC_RECV", "timestamp": 492, "thread_id": 1, "data1": 2, "data2": 1}
{"ktf_event": "SCHEDULER_SWITCH", "timestamp": 493, "thread_id": 2, "data1": 1, "data2": 0}
{"ktf_event": "IPC_SEND", "timestamp": 493, "thread_id": 2, "data1": 1, "data2": 1}
{"ktf_event": "SCHEDULER_SWITCH", "timestamp": 495, "thread_id": 3, "data1": 2, "data2": 0}
{"ktf_event": "SCHEDULER_SWITCH", "timestamp": 495, "thread_id": 1, "data1": 3, "data2": 0}
{"ktf_event": "IPC_RECV", "timestamp": 496, "thread_id": 1, "data1": 2, "data2": 1}
{"ktf_event": "SCHEDULER_SWITCH", "timestamp": 497, "thread_id": 2, "data1": 1, "data2": 0}
{"ktf_event": "IPC_SEND", "timestamp": 497, "thread_id": 2, "data1": 1, "data2": 1}
{"ktf_event": "SCHEDULER_SWITCH", "timestamp": 499, "thread_id": 3, "data1": 2, "data2": 0}
{"ktf_event": "SCHEDULER_SWITCH", "timestamp": 499, "thread_id": 1, "data1": 3, "data2": 0}
{"ktf_event": "IPC_RECV", "timestamp": 499, "thread_id": 1, "data1": 2, "data2": 1}
{"ktf_event": "SCHEDULER_SWITCH", "timestamp": 500, "thread_id": 2, "data1": 1, "data2": 0}
{"ktf_event": "IPC_SEND", "timestamp": 500, "thread_id": 2, "data1": 1, "data2": 1}
{"ktf_event": "SCHEDULER_SWITCH", "timestamp": 502, "thread_id": 3, "data1": 2, "data2": 0}
{"ktf_event": "SCHEDULER_SWITCH", "timestamp": 502, "thread_id": 1, "data1": 3, "data2": 0}
{"ktf_event": "SCHEDULER_SWITCH", "timestamp": 503, "thread_id": 2, "data1": 1, "data2": 0}
{"ktf_event": "IPC_SEND", "timestamp": 503, "thread_id": 2, "data1": 1, "data2": 1}
{"ktf_event": "SCHEDULER_SWITCH", "timestamp": 505, "thread_id": 3, "data1": 2, "data2": 0}
{"ktf_event": "SCHEDULER_SWITCH", "timestamp": 505, "thread_id": 1, "data1": 3, "data2": 0}
{"ktf_event": "IPC_RECV", "timestamp": 505, "thread_id": 1, "data1": 2, "data2": 1}
{"ktf_event": "SCHEDULER_SWITCH", "timestamp": 506, "thread_id": 2, "data1": 1, "data2": 0}
{"ktf_event": "IPC_SEND", "timestamp": 507, "thread_id": 2, "data1": 1, "data2": 1}
{"ktf_event": "SCHEDULER_SWITCH", "timestamp": 510, "thread_id": 3, "data1": 2, "data2": 0}
{"ktf_event": "SCHEDULER_SWITCH", "timestamp": 510, "thread_id": 1, "data1": 3, "data2": 0}
{"ktf_event": "IPC_RECV", "timestamp": 510, "thread_id": 1, "data1": 2, "data2": 1}
{"ktf_event": "SCHEDULER_SWITCH", "timestamp": 511, "thread_id": 2, "data1": 1, "data2": 0}
{"ktf_event": "SCHEDULER_SWITCH", "timestamp": 512, "thread_id": 3, "data1": 2, "data2": 0}
{"ktf_event": "SCHEDULER_SWITCH", "timestamp": 512, "thread_id": 1, "data1": 3, "data2": 0}
{"ktf_event": "IPC_RECV", "timestamp": 512, "thread_id": 1, "data1": 2, "data2": 1}
{"ktf_event": "SCHEDULER_SWITCH", "timestamp": 513, "thread_id": 2, "data1": 1, "data2": 0}
{"ktf_event": "IPC_SEND", "timestamp": 513, "thread_id": 2, "data1": 1, "data2": 1}
{"ktf_event": "SCHEDULER_SWITCH", "timestamp": 516, "thread_id": 3, "data1": 2, "data2": 0}
{"ktf_event": "SCHEDULER_SWITCH", "timestamp": 516, "thread_id": 1, "data1": 3, "data2": 0}
{"ktf_event": "IPC_RECV", "timestamp": 516, "thread_id": 1, "data1": 2, "data2": 1}
{"ktf_event": "SCHEDULER_SWITCH", "timestamp": 517, "thread_id": 2, "data1": 1, "data2": 0}
{"ktf_event": "IPC_SEND", "timestamp": 517, "thread_id": 2, "data1": 1, "data2": 1}
{"ktf_event": "SCHEDULER_SWITCH", "timestamp": 519, "thread_id": 3, "data1": 2, "data2": 0}
{"ktf_event": "SCHEDULER_SWITCH", "timestamp": 519, "thread_id": 1, "data1": 3, "data2": 0}
{"ktf_event": "IPC_RECV", "timestamp": 519, "thread_id": 1, "data1": 2, "data2": 1}
{"ktf_event": "SCHEDULER_SWITCH", "timestamp": 520, "thread_id": 2, "data1": 1, "data2": 0}
{"ktf_event": "IPC_SEND", "timestamp": 520, "thread_id": 2, "data1": 1, "data2": 1}
{"ktf_event": "SCHEDULER_SWITCH", "timestamp": 522, "thread_id": 3, "data1": 2, "data2": 0}
{"ktf_event": "SCHEDULER_SWITCH", "timestamp": 522, "thread_id": 1, "data1": 3, "data2": 0}
{"ktf_event": "SCHEDULER_SWITCH", "timestamp": 523, "thread_id": 2, "data1": 1, "data2": 0}
{"ktf_event": "IPC_SEND", "timestamp": 523, "thread_id": 2, "data1": 1, "data2": 1}
{"ktf_event": "SCHEDULER_SWITCH", "timestamp": 526, "thread_id": 3, "data1": 2, "data2": 0}
{"ktf_event": "SCHEDULER_SWITCH", "timestamp": 526, "thread_id": 1, "data1": 3, "data2": 0}
{"ktf_event": "IPC_RECV", "timestamp": 526, "thread_id": 1, "data1": 2, "data2": 1}
{"ktf_event": "SCHEDULER_SWITCH", "timestamp": 527, "thread_id": 2, "data1": 1, "data2": 0}
{"ktf_event": "IPC_SEND", "timestamp": 527, "thread_id": 2, "data1": 1, "data2": 1}
{"ktf_event": "SCHEDULER_SWITCH", "timestamp": 529, "thread_id": 3, "data1": 2, "data2": 0}
{"ktf_event": "SCHEDULER_SWITCH", "timestamp": 529, "thread_id": 1, "data1": 3, "data2": 0}
{"ktf_event": "IPC_RECV", "timestamp": 529, "thread_id": 1, "data1": 2, "data2": 1}
{"ktf_event": "SCHEDULER_SWITCH", "timestamp": 530, "thread_id": 2, "data1": 1, "data2": 0}
{"ktf_event": "IPC_SEND", "timestamp": 530, "thread_id": 2, "data1": 1, "data2": 1}
{"ktf_event": "SCHEDULER_SWITCH", "timestamp": 532, "thread_id": 3, "data1": 2, "data2": 0}
{"ktf_event": "SCHEDULER_SWITCH", "timestamp": 532, "thread_id": 1, "data1": 3, "data2": 0}
{"ktf_event": "SCHEDULER_SWITCH", "timestamp": 534, "thread_id": 2, "data1": 1, "data2": 0}
{"ktf_event": "IPC_SEND", "timestamp": 534, "thread_id": 2, "data1": 1, "data2": 1}
{"ktf_event": "SCHEDULER_SWITCH", "timestamp": 536, "thread_id": 3, "data1": 2, "data2": 0}
{"ktf_event": "SCHEDULER_SWITCH", "timestamp": 536, "thread_id": 1, "data1": 3, "data2": 0}
{"ktf_event": "IPC_RECV", "timestamp": 536, "thread_id": 1, "data1": 2, "data2": 1}
{"ktf_event": "SCHEDULER_SWITCH", "timestamp": 537, "thread_id": 2, "data1": 1, "data2": 0}
{"ktf_event": "IPC_SEND", "timestamp": 537, "thread_id": 2, "data1": 1, "data2": 1}
{"ktf_event": "SCHEDULER_SWITCH", "timestamp": 540, "thread_id": 3, "data1": 2, "data2": 0}
{"ktf_event": "SCHEDULER_SWITCH", "timestamp": 540, "thread_id": 1, "data1": 3, "data2": 0}
{"ktf_event": "IPC_RECV", "timestamp": 540, "thread_id": 1, "data1": 2, "data2": 1}
{"ktf_event": "SCHEDULER_SWITCH", "timestamp": 541, "thread_id": 2, "data1": 1, "data2": 0}
{"ktf_event": "SCHEDULER_SWITCH", "timestamp": 541, "thread_id": 3, "data1": 2, "data2": 0}
{"ktf_event": "SCHEDULER_SWITCH", "timestamp": 541, "thread_id": 1, "data1": 3, "data2": 0}
{"ktf_event": "IPC_RECV", "timestamp": 541, "thread_id": 1, "data1": 2, "data2": 1}
{"ktf_event": "SCHEDULER_SWITCH", "timestamp": 543, "thread_id": 2, "data1": 1, "data2": 0}
{"ktf_event": "IPC_SEND", "timestamp": 543, "thread_id": 2, "data1": 1, "data2": 1}
{"ktf_event": "SCHEDULER_SWITCH", "timestamp": 545, "thread_id": 3, "data1": 2, "data2": 0}
{"ktf_event": "SCHEDULER_SWITCH", "timestamp": 545, "thread_id": 1, "data1": 3, "data2": 0}
{"ktf_event": "IPC_RECV", "timestamp": 545, "thread_id": 1, "data1": 2, "data2": 1}
{"ktf_event": "SCHEDULER_SWITCH", "timestamp": 547, "thread_id": 2, "data1": 1, "data2": 0}
{"ktf_event": "IPC_SEND", "timestamp": 547, "thread_id": 2, "data1": 1, "data2": 1}
{"ktf_event": "SCHEDULER_SWITCH", "timestamp": 549, "thread_id": 3, "data1": 2, "data2": 0}
{"ktf_event": "SCHEDULER_SWITCH", "timestamp": 549, "thread_id": 1, "data1": 3, "data2": 0}
{"ktf_event": "IPC_RECV", "timestamp": 549, "thread_id": 1, "data1": 2, "data2": 1}
{"ktf_event": "SCHEDULER_SWITCH", "timestamp": 550, "thread_id": 2, "data1": 1, "data2": 0}
{"ktf_event": "IPC_SEND", "timestamp": 550, "thread_id": 2, "data1": 1, "data2": 1}
{"ktf_event": "SCHEDULER_SWITCH", "timestamp": 552, "thread_id": 3, "data1": 2, "data2": 0}
{"ktf_event": "SCHEDULER_SWITCH", "timestamp": 552, "thread_id": 1, "data1": 3, "data2": 0}
{"ktf_event": "SCHEDULER_SWITCH", "timestamp": 553, "thread_id": 2, "data1": 1, "data2": 0}
{"ktf_event": "IPC_SEND", "timestamp": 553, "thread_id": 2, "data1": 1, "data2": 1}
{"ktf_event": "SCHEDULER_SWITCH", "timestamp": 556, "thread_id": 3, "data1": 2, "data2": 0}
{"ktf_event": "SCHEDULER_SWITCH", "timestamp": 556, "thread_id": 1, "data1": 3, "data2": 0}
{"ktf_event": "IPC_RECV", "timestamp": 556, "thread_id": 1, "data1": 2, "data2": 1}
{"ktf_event": "SCHEDULER_SWITCH", "timestamp": 557, "thread_id": 2, "data1": 1, "data2": 0}
{"ktf_event": "IPC_SEND", "timestamp": 557, "thread_id": 2, "data1": 1, "data2": 1}
{"ktf_event": "SCHEDULER_SWITCH", "timestamp": 559, "thread_id": 3, "data1": 2, "data2": 0}
{"ktf_event": "SCHEDULER_SWITCH", "timestamp": 559, "thread_id": 1, "data1": 3, "data2": 0}
{"ktf_event": "IPC_RECV", "timestamp": 559, "thread_id": 1, "data1": 2, "data2": 1}
{"ktf_event": "SCHEDULER_SWITCH", "timestamp": 560, "thread_id": 2, "data1": 1, "data2": 0}
{"ktf_event": "IPC_SEND", "timestamp": 560, "thread_id": 2, "data1": 1, "data2": 1}
{"ktf_event": "SCHEDULER_SWITCH", "timestamp": 562, "thread_id": 3, "data1": 2, "data2": 0}
{"ktf_event": "SCHEDULER_SWITCH", "timestamp": 562, "thread_id": 1, "data1": 3, "data2": 0}
{"ktf_event": "SCHEDULER_SWITCH", "timestamp": 564, "thread_id": 2, "data1": 1, "data2": 0}
{"ktf_event": "IPC_SEND", "timestamp": 564, "thread_id": 2, "data1": 1, "data2": 1}
{"ktf_event": "SCHEDULER_SWITCH", "timestamp": 566, "thread_id": 3, "data1": 2, "data2": 0}
{"ktf_event": "SCHEDULER_SWITCH", "timestamp": 566, "thread_id": 1, "data1": 3, "data2": 0}
{"ktf_event": "IPC_RECV", "timestamp": 566, "thread_id": 1, "data1": 2, "data2": 1}
{"ktf_event": "SCHEDULER_SWITCH", "timestamp": 567, "thread_id": 2, "data1": 1, "data2": 0}
{"ktf_event": "IPC_SEND", "timestamp": 567, "thread_id": 2, "data1": 1, "data2": 1}
{"ktf_event": "SCHEDULER_SWITCH", "timestamp": 570, "thread_id": 3, "data1": 2, "data2": 0}
{"ktf_event": "SCHEDULER_SWITCH", "timestamp": 570, "thread_id": 1, "data1": 3, "data2": 0}
{"ktf_event": "IPC_RECV", "timestamp": 570, "thread_id": 1, "data1": 2, "data2": 1}
{"ktf_event": "SCHEDULER_SWITCH", "timestamp": 572, "thread_id": 2, "data1": 1, "data2": 0}
{"ktf_event": "SCHEDULER_SWITCH", "timestamp": 572, "thread_id": 3, "data1": 2, "data2": 0}
{"ktf_event": "SCHEDULER_SWITCH", "timestamp": 572, "thread_id": 1, "data1": 3, "data2": 0}
{"ktf_event": "IPC_RECV", "timestamp": 572, "thread_id": 1, "data1": 2, "data2": 1}
{"ktf_event": "SCHEDULER_SWITCH", "timestamp": 574, "thread_id": 2, "data1": 1, "data2": 0}
{"ktf_event": "IPC_SEND", "timestamp": 574, "thread_id": 2, "data1": 1, "data2": 1}
{"ktf_event": "SCHEDULER_SWITCH", "timestamp": 576, "thread_id": 3, "data1": 2, "data2": 0}
{"ktf_event": "SCHEDULER_SWITCH", "timestamp": 576, "thread_id": 1, "data1": 3, "data2": 0}
{"ktf_event": "IPC_RECV", "timestamp": 576, "thread_id": 1, "data1": 2, "data2": 1}
{"ktf_event": "SCHEDULER_SWITCH", "timestamp": 577, "thread_id": 2, "data1": 1, "data2": 0}
{"ktf_event": "IPC_SEND", "timestamp": 577, "thread_id": 2, "data1": 1, "data2": 1}
{"ktf_event": "SCHEDULER_SWITCH", "timestamp": 580, "thread_id": 3, "data1": 2, "data2": 0}
{"ktf_event": "SCHEDULER_SWITCH", "timestamp": 580, "thread_id": 1, "data1": 3, "data2": 0}
{"ktf_event": "IPC_RECV", "timestamp": 580, "thread_id": 1, "data1": 2, "data2": 1}
{"ktf_event": "SCHEDULER_SWITCH", "timestamp": 581, "thread_id": 2, "data1": 1, "data2": 0}
{"ktf_event": "SCHEDULER_SWITCH", "timestamp": 581, "thread_id": 3, "data1": 2, "data2": 0}
{"ktf_event": "SCHEDULER_SWITCH", "timestamp": 581, "thread_id": 1, "data1": 3, "data2": 0}
{"ktf_event": "IPC_RECV", "timestamp": 581, "thread_id": 1, "data1": 2, "data2": 1}
{"ktf_event": "SCHEDULER_SWITCH", "timestamp": 583, "thread_id": 2, "data1": 1, "data2": 0}
{"ktf_event": "IPC_SEND", "timestamp": 583, "thread_id": 2, "data1": 1, "data2": 1}
{"ktf_event": "SCHEDULER_SWITCH", "timestamp": 586, "thread_id": 3, "data1": 2, "data2": 0}
{"ktf_event": "SCHEDULER_SWITCH", "timestamp": 586, "thread_id": 1, "data1": 3, "data2": 0}
{"ktf_event": "IPC_RECV", "timestamp": 587, "thread_id": 1, "data1": 2, "data2": 1}
{"ktf_event": "SCHEDULER_SWITCH", "timestamp": 589, "thread_id": 2, "data1": 1, "data2": 0}
{"ktf_event": "IPC_SEND", "timestamp": 589, "thread_id": 2, "data1": 1, "data2": 1}
{"ktf_event": "SCHEDULER_SWITCH", "timestamp": 590, "thread_id": 3, "data1": 2, "data2": 0}
{"ktf_event": "SCHEDULER_SWITCH", "timestamp": 590, "thread_id": 1, "data1": 3, "data2": 0}
{"ktf_event": "IPC_RECV", "timestamp": 590, "thread_id": 1, "data1": 2, "data2": 1}
{"ktf_event": "SCHEDULER_SWITCH", "timestamp": 591, "thread_id": 2, "data1": 1, "data2": 0}
{"ktf_event": "SCHEDULER_SWITCH", "timestamp": 593, "thread_id": 3, "data1": 2, "data2": 0}
{"ktf_event": "SCHEDULER_SWITCH", "timestamp": 593, "thread_id": 1, "data1": 3, "data2": 0}
{"ktf_event": "IPC_RECV", "timestamp": 593, "thread_id": 1, "data1": 2, "data2": 1}
{"ktf_event": "SCHEDULER_SWITCH", "timestamp": 595, "thread_id": 2, "data1": 1, "data2": 0}
{"ktf_event": "IPC_SEND", "timestamp": 595, "thread_id": 2, "data1": 1, "data2": 1}
{"ktf_event": "SCHEDULER_SWITCH", "timestamp": 597, "thread_id": 3, "data1": 2, "data2": 0}
{"ktf_event": "SCHEDULER_SWITCH", "timestamp": 597, "thread_id": 1, "data1": 3, "data2": 0}
{"ktf_event": "IPC_RECV", "timestamp": 597, "thread_id": 1, "data1": 2, "data2": 1}
{"ktf_event": "SCHEDULER_SWITCH", "timestamp": 599, "thread_id": 2, "data1": 1, "data2": 0}
{"ktf_event": "IPC_SEND", "timestamp": 599, "thread_id": 2, "data1": 1, "data2": 1}
{"ktf_event": "SCHEDULER_SWITCH", "timestamp": 600, "thread_id": 3, "data1": 2, "data2": 0}
{"ktf_event": "SCHEDULER_SWITCH", "timestamp": 600, "thread_id": 1, "data1": 3, "data2": 0}
{"ktf_event": "IPC_RECV", "timestamp": 600, "thread_id": 1, "data1": 2, "data2": 1}
{"ktf_event": "SCHEDULER_SWITCH", "timestamp": 601, "thread_id": 2, "data1": 1, "data2": 0}
{"ktf_event": "SCHEDULER_SWITCH", "timestamp": 604, "thread_id": 3, "data1": 2, "data2": 0}
{"ktf_event": "SCHEDULER_SWITCH", "timestamp": 604, "thread_id": 1, "data1": 3, "data2": 0}
{"ktf_event": "IPC_RECV", "timestamp": 604, "thread_id": 1, "data1": 2, "data2": 1}
{"ktf_event": "SCHEDULER_SWITCH", "timestamp": 606, "thread_id": 2, "data1": 1, "data2": 0}
{"ktf_event": "IPC_SEND", "timestamp": 606, "thread_id": 2, "data1": 1, "data2": 1}
{"ktf_event": "SCHEDULER_SWITCH", "timestamp": 609, "thread_id": 3, "data1": 2, "data2": 0}
{"ktf_event": "SCHEDULER_SWITCH", "timestamp": 609, "thread_id": 1, "data1": 3, "data2": 0}
{"ktf_event": "IPC_RECV", "timestamp": 609, "thread_id": 1, "data1": 2, "data2": 1}
{"ktf_event": "SCHEDULER_SWITCH", "timestamp": 610, "thread_id": 2, "data1": 1, "data2": 0}
{"ktf_event": "IPC_SEND", "timestamp": 610, "thread_id": 2, "data1": 1, "data2": 1}
{"ktf_event": "SCHEDULER_SWITCH", "timestamp": 612, "thread_id": 3, "data1": 2, "data2": 0}
{"ktf_event": "SCHEDULER_SWITCH", "timestamp": 612, "thread_id": 1, "data1": 3, "data2": 0}
{"ktf_event": "SCHEDULER_SWITCH", "timestamp": 613, "thread_id": 2, "data1": 1, "data2": 0}
{"ktf_event": "IPC_SEND", "timestamp": 613, "thread_id": 2, "data1": 1, "data2": 1}
{"ktf_event": "SCHEDULER_SWITCH", "timestamp": 617, "thread_id": 3, "data1": 2, "data2": 0}
{"ktf_event": "SCHEDULER_SWITCH", "timestamp": 617, "thread_id": 1, "data1": 3, "data2": 0}
{"ktf_event": "IPC_RECV", "timestamp": 617, "thread_id": 1, "data1": 2, "data2": 1}
{"ktf_event": "SCHEDULER_SWITCH", "timestamp": 618, "thread_id": 2, "data1": 1, "data2": 0}
{"ktf_event": "IPC_SEND", "timestamp": 618, "thread_id": 2, "data1": 1, "data2": 1}
{"ktf_event": "SCHEDULER_SWITCH", "timestamp": 620, "thread_id": 3, "data1": 2, "data2": 0}
{"ktf_event": "SCHEDULER_SWITCH", "timestamp": 620, "thread_id": 1, "data1": 3, "data2": 0}
{"ktf_event": "IPC_RECV", "timestamp": 620, "thread_id": 1, "data1": 2, "data2": 1}
{"ktf_event": "SCHEDULER_SWITCH", "timestamp": 622, "thread_id": 2, "data1": 1, "data2": 0}
{"ktf_event": "SCHEDULER_SWITCH", "timestamp": 624, "thread_id": 3, "data1": 2, "data2": 0}
{"ktf_event": "SCHEDULER_SWITCH", "timestamp": 624, "thread_id": 1, "data1": 3, "data2": 0}
{"ktf_event": "IPC_RECV", "timestamp": 624, "thread_id": 1, "data1": 2, "data2": 1}
{"ktf_event": "SCHEDULER_SWITCH", "timestamp": 625, "thread_id": 2, "data1": 1, "data2": 0}
{"ktf_event": "IPC_SEND", "timestamp": 625, "thread_id": 2, "data1": 1, "data2": 1}
{"ktf_event": "SCHEDULER_SWITCH", "timestamp": 628, "thread_id": 3, "data1": 2, "data2": 0}
{"ktf_event": "SCHEDULER_SWITCH", "timestamp": 628, "thread_id": 1, "data1": 3, "data2": 0}
{"ktf_event": "IPC_RECV", "timestamp": 628, "thread_id": 1, "data1": 2, "data2": 1}
{"ktf_event": "SCHEDULER_SWITCH", "timestamp": 629, "thread_id": 2, "data1": 1, "data2": 0}
{"ktf_event": "IPC_SEND", "timestamp": 629, "thread_id": 2, "data1": 1, "data2": 1}
{"ktf_event": "SCHEDULER_SWITCH", "timestamp": 630, "thread_id": 3, "data1": 2, "data2": 0}
{"ktf_event": "SCHEDULER_SWITCH", "timestamp": 630, "thread_id": 1, "data1": 3, "data2": 0}
{"ktf_event": "IPC_RECV", "timestamp": 630, "thread_id": 1, "data1": 2, "data2": 1}
{"ktf_event": "SCHEDULER_SWITCH", "timestamp": 631, "thread_id": 2, "data1": 1, "data2": 0}
{"ktf_event": "SCHEDULER_SWITCH", "timestamp": 634, "thread_id": 3, "data1": 2, "data2": 0}
{"ktf_event": "SCHEDULER_SWITCH", "timestamp": 634, "thread_id": 1, "data1": 3, "data2": 0}
{"ktf_event": "IPC_RECV", "timestamp": 634, "thread_id": 1, "data1": 2, "data2": 1}
{"ktf_event": "SCHEDULER_SWITCH", "timestamp": 635, "thread_id": 2, "data1": 1, "data2": 0}
{"ktf_event": "IPC_SEND", "timestamp": 635, "thread_id": 2, "data1": 1, "data2": 1}
{"ktf_event": "SCHEDULER_SWITCH", "timestamp": 637, "thread_id": 3, "data1": 2, "data2": 0}
{"ktf_event": "SCHEDULER_SWITCH", "timestamp": 637, "thread_id": 1, "data1": 3, "data2": 0}
{"ktf_event": "IPC_RECV", "timestamp": 638, "thread_id": 1, "data1": 2, "data2": 1}
{"ktf_event": "SCHEDULER_SWITCH", "timestamp": 639, "thread_id": 2, "data1": 1, "data2": 0}
{"ktf_event": "IPC_SEND", "timestamp": 639, "thread_id": 2, "data1": 1, "data2": 1}
{"ktf_event": "SCHEDULER_SWITCH", "timestamp": 640, "thread_id": 3, "data1": 2, "data2": 0}
{"ktf_event": "SCHEDULER_SWITCH", "timestamp": 640, "thread_id": 1, "data1": 3, "data2": 0}
{"ktf_event": "IPC_RECV", "timestamp": 640, "thread_id": 1, "data1": 2, "data2": 1}
{"ktf_event": "SCHEDULER_SWITCH", "timestamp": 641, "thread_id": 2, "data1": 1, "data2": 0}
{"ktf_event": "SCHEDULER_SWITCH", "timestamp": 643, "thread_id": 3, "data1": 2, "data2": 0}
{"ktf_event": "SCHEDULER_SWITCH", "timestamp": 643, "thread_id": 1, "data1": 3, "data2": 0}
{"ktf_event": "IPC_RECV", "timestamp": 643, "thread_id": 1, "data1": 2, "data2": 1}
{"ktf_event": "SCHEDULER_SWITCH", "timestamp": 644, "thread_id": 2, "data1": 1, "data2": 0}
{"ktf_event": "IPC_SEND", "timestamp": 645, "thread_id": 2, "data1": 1, "data2": 1}
{"ktf_event": "SCHEDULER_SWITCH", "timestamp": 647, "thread_id": 3, "data1": 2, "data2": 0}
{"ktf_event": "SCHEDULER_SWITCH", "timestamp": 647, "thread_id": 1, "data1": 3, "data2": 0}
{"ktf_event": "IPC_RECV", "timestamp": 647, "thread_id": 1, "data1": 2, "data2": 1}
{"ktf_event": "SCHEDULER_SWITCH", "timestamp": 649, "thread_id": 2, "data1": 1, "data2": 0}
{"ktf_event": "IPC_SEND", "timestamp": 649, "thread_id": 2, "data1": 1, "data2": 1}
{"ktf_event": "SCHEDULER_SWITCH", "timestamp": 650, "thread_id": 3, "data1": 2, "data2": 0}
{"ktf_event": "SCHEDULER_SWITCH", "timestamp": 650, "thread_id": 1, "data1": 3, "data2": 0}
{"ktf_event": "IPC_RECV", "timestamp": 650, "thread_id": 1, "data1": 2, "data2": 1}
{"ktf_event": "SCHEDULER_SWITCH", "timestamp": 651, "thread_id": 2, "data1": 1, "data2": 0}
{"ktf_event": "SCHEDULER_SWITCH", "timestamp": 653, "thread_id": 3, "data1": 2, "data2": 0}
{"ktf_event": "SCHEDULER_SWITCH", "timestamp": 653, "thread_id": 1, "data1": 3, "data2": 0}
{"ktf_event": "IPC_RECV", "timestamp": 653, "thread_id": 1, "data1": 2, "data2": 1}
{"ktf_event": "SCHEDULER_SWITCH", "timestamp": 655, "thread_id": 2, "data1": 1, "data2": 0}
{"ktf_event": "IPC_SEND", "timestamp": 655, "thread_id": 2, "data1": 1, "data2": 1}
{"ktf_event": "SCHEDULER_SWITCH", "timestamp": 657, "thread_id": 3, "data1": 2, "data2": 0}
{"ktf_event": "SCHEDULER_SWITCH", "timestamp": 657, "thread_id": 1, "data1": 3, "data2": 0}
{"ktf_event": "IPC_RECV", "timestamp": 657, "thread_id": 1, "data1": 2, "data2": 1}
{"ktf_event": "SCHEDULER_SWITCH", "timestamp": 659, "thread_id": 2, "data1": 1, "data2": 0}
{"ktf_event": "IPC_SEND", "timestamp": 659, "thread_id": 2, "data1": 1, "data2": 1}
{"ktf_event": "SCHEDULER_SWITCH", "timestamp": 660, "thread_id": 3, "data1": 2, "data2": 0}
{"ktf_event": "SCHEDULER_SWITCH", "timestamp": 660, "thread_id": 1, "data1": 3, "data2": 0}
{"ktf_event": "IPC_RECV", "timestamp": 660, "thread_id": 1, "data1": 2, "data2": 1}
{"ktf_event": "SCHEDULER_SWITCH", "timestamp": 661, "thread_id": 2, "data1": 1, "data2": 0}
{"ktf_event": "SCHEDULER_SWITCH", "timestamp": 663, "thread_id": 3, "data1": 2, "data2": 0}
{"ktf_event": "SCHEDULER_SWITCH", "timestamp": 663, "thread_id": 1, "data1": 3, "data2": 0}
{"ktf_event": "IPC_RECV", "timestamp": 663, "thread_id": 1, "data1": 2, "data2": 1}
{"ktf_event": "SCHEDULER_SWITCH", "timestamp": 664, "thread_id": 2, "data1": 1, "data2": 0}
{"ktf_event": "IPC_SEND", "timestamp": 665, "thread_id": 2, "data1": 1, "data2": 1}
{"ktf_event": "SCHEDULER_SWITCH", "timestamp": 667, "thread_id": 3, "data1": 2, "data2": 0}
{"ktf_event": "SCHEDULER_SWITCH", "timestamp": 667, "thread_id": 1, "data1": 3, "data2": 0}
{"ktf_event": "IPC_RECV", "timestamp": 667, "thread_id": 1, "data1": 2, "data2": 1}
{"ktf_event": "SCHEDULER_SWITCH", "timestamp": 668, "thread_id": 2, "data1": 1, "data2": 0}
{"ktf_event": "IPC_SEND", "timestamp": 668, "thread_id": 2, "data1": 1, "data2": 1}
{"ktf_event": "SCHEDULER_SWITCH", "timestamp": 670, "thread_id": 3, "data1": 2, "data2": 0}
{"ktf_event": "SCHEDULER_SWITCH", "timestamp": 670, "thread_id": 1, "data1": 3, "data2": 0}
{"ktf_event": "IPC_RECV", "timestamp": 670, "thread_id": 1, "data1": 2, "data2": 1}
{"ktf_event": "SCHEDULER_SWITCH", "timestamp": 671, "thread_id": 2, "data1": 1, "data2": 0}
{"ktf_event": "SCHEDULER_SWITCH", "timestamp": 673, "thread_id": 3, "data1": 2, "data2": 0}
{"ktf_event": "SCHEDULER_SWITCH", "timestamp": 673, "thread_id": 1, "data1": 3, "data2": 0}
{"ktf_event": "IPC_RECV", "timestamp": 673, "thread_id": 1, "data1": 2, "data2": 1}
{"ktf_event": "SCHEDULER_SWITCH", "timestamp": 675, "thread_id": 2, "data1": 1, "data2": 0}
{"ktf_event": "IPC_SEND", "timestamp": 675, "thread_id": 2, "data1": 1, "data2": 1}
{"ktf_event": "SCHEDULER_SWITCH", "timestamp": 677, "thread_id": 3, "data1": 2, "data2": 0}
{"ktf_event": "SCHEDULER_SWITCH", "timestamp": 677, "thread_id": 1, "data1": 3, "data2": 0}
{"ktf_event": "IPC_RECV", "timestamp": 677, "thread_id": 1, "data1": 2, "data2": 1}
{"ktf_event": "SCHEDULER_SWITCH", "timestamp": 678, "thread_id": 2, "data1": 1, "data2": 0}
{"ktf_event": "IPC_SEND", "timestamp": 678, "thread_id": 2, "data1": 1, "data2": 1}
{"ktf_event": "SCHEDULER_SWITCH", "timestamp": 680, "thread_id": 3, "data1": 2, "data2": 0}
{"ktf_event": "SCHEDULER_SWITCH", "timestamp": 680, "thread_id": 1, "data1": 3, "data2": 0}
{"ktf_event": "IPC_RECV", "timestamp": 680, "thread_id": 1, "data1": 2, "data2": 1}
{"ktf_event": "SCHEDULER_SWITCH", "timestamp": 681, "thread_id": 2, "data1": 1, "data2": 0}
{"ktf_event": "SCHEDULER_SWITCH", "timestamp": 683, "thread_id": 3, "data1": 2, "data2": 0}
{"ktf_event": "SCHEDULER_SWITCH", "timestamp": 683, "thread_id": 1, "data1": 3, "data2": 0}
{"ktf_event": "IPC_RECV", "timestamp": 683, "thread_id": 1, "data1": 2, "data2": 1}
{"ktf_event": "SCHEDULER_SWITCH", "timestamp": 685, "thread_id": 2, "data1": 1, "data2": 0}
{"ktf_event": "IPC_SEND", "timestamp": 685, "thread_id": 2, "data1": 1, "data2": 1}
{"ktf_event": "SCHEDULER_SWITCH", "timestamp": 688, "thread_id": 3, "data1": 2, "data2": 0}
{"ktf_event": "SCHEDULER_SWITCH", "timestamp": 688, "thread_id": 1, "data1": 3, "data2": 0}
{"ktf_event": "IPC_RECV", "timestamp": 688, "thread_id": 1, "data1": 2, "data2": 1}
{"ktf_event": "SCHEDULER_SWITCH", "timestamp": 690, "thread_id": 2, "data1": 1, "data2": 0}
{"ktf_event": "IPC_SEND", "timestamp": 690, "thread_id": 2, "data1": 1, "data2": 1}
{"ktf_event": "SCHEDULER_SWITCH", "timestamp": 693, "thread_id": 3, "data1": 2, "data2": 0}
{"ktf_event": "SCHEDULER_SWITCH", "timestamp": 693, "thread_id": 1, "data1": 3, "data2": 0}
{"ktf_event": "SCHEDULER_SWITCH", "timestamp": 693, "thread_id": 2, "data1": 1, "data2": 0}
{"ktf_event": "IPC_SEND", "timestamp": 693, "thread_id": 2, "data1": 1, "data2": 1}
{"ktf_event": "SCHEDULER_SWITCH", "timestamp": 696, "thread_id": 3, "data1": 2, "data2": 0}
{"ktf_event": "SCHEDULER_SWITCH", "timestamp": 696, "thread_id": 1, "data1": 3, "data2": 0}
{"ktf_event": "IPC_RECV", "timestamp": 696, "thread_id": 1, "data1": 2, "data2": 1}
{"ktf_event": "SCHEDULER_SWITCH", "timestamp": 698, "thread_id": 2, "data1": 1, "data2": 0}
{"ktf_event": "IPC_SEND", "timestamp": 698, "thread_id": 2, "data1": 1, "data2": 1}
{"ktf_event": "SCHEDULER_SWITCH", "timestamp": 700, "thread_id": 3, "data1": 2, "data2": 0}
{"ktf_event": "SCHEDULER_SWITCH", "timestamp": 700, "thread_id": 1, "data1": 3, "data2": 0}
{"ktf_event": "IPC_RECV", "timestamp": 700, "thread_id": 1, "data1": 2, "data2": 1}
{"ktf_event": "SCHEDULER_SWITCH", "timestamp": 701, "thread_id": 2, "data1": 1, "data2": 0}
{"ktf_event": "SCHEDULER_SWITCH", "timestamp": 702, "thread_id": 3, "data1": 2, "data2": 0}
{"ktf_event": "SCHEDULER_SWITCH", "timestamp": 702, "thread_id": 1, "data1": 3, "data2": 0}
{"ktf_event": "IPC_RECV", "timestamp": 702, "thread_id": 1, "data1": 2, "data2": 1}
{"ktf_event": "SCHEDULER_SWITCH", "timestamp": 703, "thread_id": 2, "data1": 1, "data2": 0}
{"ktf_event": "IPC_SEND", "timestamp": 703, "thread_id": 2, "data1": 1, "data2": 1}
{"ktf_event": "SCHEDULER_SWITCH", "timestamp": 706, "thread_id": 3, "data1": 2, "data2": 0}
{"ktf_event": "SCHEDULER_SWITCH", "timestamp": 706, "thread_id": 1, "data1": 3, "data2": 0}
{"ktf_event": "IPC_RECV", "timestamp": 706, "thread_id": 1, "data1": 2, "data2": 1}
{"ktf_event": "SCHEDULER_SWITCH", "timestamp": 707, "thread_id": 2, "data1": 1, "data2": 0}
{"ktf_event": "IPC_SEND", "timestamp": 708, "thread_id": 2, "data1": 1, "data2": 1}
{"ktf_event": "SCHEDULER_SWITCH", "timestamp": 710, "thread_id": 3, "data1": 2, "data2": 0}
{"ktf_event": "SCHEDULER_SWITCH", "timestamp": 710, "thread_id": 1, "data1": 3, "data2": 0}
{"ktf_event": "IPC_RECV", "timestamp": 710, "thread_id": 1, "data1": 2, "data2": 1}
{"ktf_event": "SCHEDULER_SWITCH", "timestamp": 711, "thread_id": 2, "data1": 1, "data2": 0}
{"ktf_event": "SCHEDULER_SWITCH", "timestamp": 712, "thread_id": 3, "data1": 2, "data2": 0}
{"ktf_event": "SCHEDULER_SWITCH", "timestamp": 712, "thread_id": 1, "data1": 3, "data2": 0}
{"ktf_event": "IPC_RECV", "timestamp": 712, "thread_id": 1, "data1": 2, "data2": 1}
{"ktf_event": "SCHEDULER_SWITCH", "timestamp": 713, "thread_id": 2, "data1": 1, "data2": 0}
{"ktf_event": "IPC_SEND", "timestamp": 713, "thread_id": 2, "data1": 1, "data2": 1}
{"ktf_event": "SCHEDULER_SWITCH", "timestamp": 716, "thread_id": 3, "data1": 2, "data2": 0}
{"ktf_event": "SCHEDULER_SWITCH", "timestamp": 716, "thread_id": 1, "data1": 3, "data2": 0}
{"ktf_event": "IPC_RECV", "timestamp": 716, "thread_id": 1, "data1": 2, "data2": 1}
{"ktf_event": "SCHEDULER_SWITCH", "timestamp": 718, "thread_id": 2, "data1": 1, "data2": 0}
{"ktf_event": "IPC_SEND", "timestamp": 718, "thread_id": 2, "data1": 1, "data2": 1}
{"ktf_event": "SCHEDULER_SWITCH", "timestamp": 720, "thread_id": 3, "data1": 2, "data2": 0}
{"ktf_event": "SCHEDULER_SWITCH", "timestamp": 720, "thread_id": 1, "data1": 3, "data2": 0}
{"ktf_event": "IPC_RECV", "timestamp": 720, "thread_id": 1, "data1": 2, "data2": 1}
{"ktf_event": "SCHEDULER_SWITCH", "timestamp": 721, "thread_id": 2, "data1": 1, "data2": 0}
{"ktf_event": "SCHEDULER_SWITCH", "timestamp": 723, "thread_id": 3, "data1": 2, "data2": 0}
{"ktf_event": "SCHEDULER_SWITCH", "timestamp": 723, "thread_id": 1, "data1": 3, "data2": 0}
{"ktf_event": "IPC_RECV", "timestamp": 723, "thread_id": 1, "data1": 2, "data2": 1}
{"ktf_event": "SCHEDULER_SWITCH", "timestamp": 724, "thread_id": 2, "data1": 1, "data2": 0}
{"ktf_event": "IPC_SEND", "timestamp": 724, "thread_id": 2, "data1": 1, "data2": 1}
{"ktf_event": "SCHEDULER_SWITCH", "timestamp": 727, "thread_id": 3, "data1": 2, "data2": 0}
{"ktf_event": "SCHEDULER_SWITCH", "timestamp": 727, "thread_id": 1, "data1": 3, "data2": 0}
{"ktf_event": "IPC_RECV", "timestamp": 727, "thread_id": 1, "data1": 2, "data2": 1}
{"ktf_event": "SCHEDULER_SWITCH", "timestamp": 729, "thread_id": 2, "data1": 1, "data2": 0}
{"ktf_event": "IPC_SEND", "timestamp": 729, "thread_id": 2, "data1": 1, "data2": 1}
{"ktf_event": "SCHEDULER_SWITCH", "timestamp": 730, "thread_id": 3, "data1": 2, "data2": 0}
{"ktf_event": "SCHEDULER_SWITCH", "timestamp": 730, "thread_id": 1, "data1": 3, "data2": 0}
{"ktf_event": "IPC_RECV", "timestamp": 730, "thread_id": 1, "data1": 2, "data2": 1}
{"ktf_event": "SCHEDULER_SWITCH", "timestamp": 731, "thread_id": 2, "data1": 1, "data2": 0}
{"ktf_event": "SCHEDULER_SWITCH", "timestamp": 734, "thread_id": 3, "data1": 2, "data2": 0}
{"ktf_event": "SCHEDULER_SWITCH", "timestamp": 734, "thread_id": 1, "data1": 3, "data2": 0}
{"ktf_event": "SCHEDULER_SWITCH", "timestamp": 735, "thread_id": 2, "data1": 1, "data2": 0}
{"ktf_event": "IPC_SEND", "timestamp": 735, "thread_id": 2, "data1": 1, "data2": 1}
{"ktf_event": "SCHEDULER_SWITCH", "timestamp": 738, "thread_id": 3, "data1": 2, "data2": 0}
{"ktf_event": "SCHEDULER_SWITCH", "timestamp": 738, "thread_id": 1, "data1": 3, "data2": 0}
{"ktf_event": "IPC_RECV", "timestamp": 738, "thread_id": 1, "data1": 2, "data2": 1}
{"ktf_event": "SCHEDULER_SWITCH", "timestamp": 740, "thread_id": 2, "data1": 1, "data2": 0}
{"ktf_event": "IPC_SEND", "timestamp": 740, "thread_id": 2, "data1": 1, "data2": 1}
{"ktf_event": "SCHEDULER_SWITCH", "timestamp": 743, "thread_id": 3, "data1": 2, "data2": 0}
{"ktf_event": "SCHEDULER_SWITCH", "timestamp": 743, "thread_id": 1, "data1": 3, "data2": 0}
{"ktf_event": "SCHEDULER_SWITCH", "timestamp": 744, "thread_id": 2, "data1": 1, "data2": 0}
{"ktf_event": "IPC_SEND", "timestamp": 744, "thread_id": 2, "data1": 1, "data2": 1}
{"ktf_event": "SCHEDULER_SWITCH", "timestamp": 748, "thread_id": 3, "data1": 2, "data2": 0}
{"ktf_event": "SCHEDULER_SWITCH", "timestamp": 748, "thread_id": 1, "data1": 3, "data2": 0}
{"ktf_event": "IPC_RECV", "timestamp": 748, "thread_id": 1, "data1": 2, "data2": 1}
{"ktf_event": "SCHEDULER_SWITCH", "timestamp": 750, "thread_id": 2, "data1": 1, "data2": 0}
{"ktf_event": "IPC_SEND", "timestamp": 750, "thread_id": 2, "data1": 1, "data2": 1}
{"ktf_event": "SCHEDULER_SWITCH", "timestamp": 753, "thread_id": 3, "data1": 2, "data2": 0}
{"ktf_event": "SCHEDULER_SWITCH", "timestamp": 753, "thread_id": 1, "data1": 3, "data2": 0}
{"ktf_event": "SCHEDULER_SWITCH", "timestamp": 754, "thread_id": 2, "data1": 1, "data2": 0}
{"ktf_event": "IPC_SEND", "timestamp": 754, "thread_id": 2, "data1": 1, "data2": 1}
{"ktf_event": "SCHEDULER_SWITCH", "timestamp": 758, "thread_id": 3, "data1": 2, "data2": 0}
{"ktf_event": "SCHEDULER_SWITCH", "timestamp": 758, "thread_id": 1, "data1": 3, "data2": 0}
{"ktf_event": "IPC_RECV", "timestamp": 758, "thread_id": 1, "data1": 2, "data2": 1}
{"ktf_event": "SCHEDULER_SWITCH", "timestamp": 760, "thread_id": 2, "data1": 1, "data2": 0}
{"ktf_event": "IPC_SEND", "timestamp": 760, "thread_id": 2, "data1": 1, "data2": 1}
{"ktf_event": "SCHEDULER_SWITCH", "timestamp": 763, "thread_id": 3, "data1": 2, "data2": 0}
{"ktf_event": "SCHEDULER_SWITCH", "timestamp": 763, "thread_id": 1, "data1": 3, "data2": 0}
{"ktf_event": "SCHEDULER_SWITCH", "timestamp": 764, "thread_id": 2, "data1": 1, "data2": 0}
{"ktf_event": "IPC_SEND", "timestamp": 764, "thread_id": 2, "data1": 1, "data2": 1}
{"ktf_event": "SCHEDULER_SWITCH", "timestamp": 767, "thread_id": 3, "data1": 2, "data2": 0}
{"ktf_event": "SCHEDULER_SWITCH", "timestamp": 767, "thread_id": 1, "data1": 3, "data2": 0}
{"ktf_event": "IPC_RECV", "timestamp": 767, "thread_id": 1, "data1": 2, "data2": 1}
{"ktf_event": "SCHEDULER_SWITCH", "timestamp": 769, "thread_id": 2, "data1": 1, "data2": 0}
{"ktf_event": "IPC_SEND", "timestamp": 769, "thread_id": 2, "data1": 1, "data2": 1}
{"ktf_event": "SCHEDULER_SWITCH", "timestamp": 770, "thread_id": 3, "data1": 2, "data2": 0}
{"ktf_event": "SCHEDULER_SWITCH", "timestamp": 770, "thread_id": 1, "data1": 3, "data2": 0}
{"ktf_event": "IPC_RECV", "timestamp": 770, "thread_id": 1, "data1": 2, "data2": 1}
{"ktf_event": "SCHEDULER_SWITCH", "timestamp": 773, "thread_id": 2, "data1": 1, "data2": 0}
{"ktf_event": "SCHEDULER_SWITCH", "timestamp": 774, "thread_id": 3, "data1": 2, "data2": 0}
{"ktf_event": "SCHEDULER_SWITCH", "timestamp": 774, "thread_id": 1, "data1": 3, "data2": 0}
{"ktf_event": "IPC_RECV", "timestamp": 774, "thread_id": 1, "data1": 2, "data2": 1}
{"ktf_event": "SCHEDULER_SWITCH", "timestamp": 776, "thread_id": 2, "data1": 1, "data2": 0}
{"ktf_event": "IPC_SEND", "timestamp": 776, "thread_id": 2, "data1": 1, "data2": 1}
{"ktf_event": "SCHEDULER_SWITCH", "timestamp": 780, "thread_id": 3, "data1": 2, "data2": 0}
{"ktf_event": "SCHEDULER_SWITCH", "timestamp": 780, "thread_id": 1, "data1": 3, "data2": 0}
{"ktf_event": "IPC_RECV", "timestamp": 780, "thread_id": 1, "data1": 2, "data2": 1}
{"ktf_event": "SCHEDULER_SWITCH", "timestamp": 781, "thread_id": 2, "data1": 1, "data2": 0}
{"ktf_event": "SCHEDULER_SWITCH", "timestamp": 782, "thread_id": 3, "data1": 2, "data2": 0}
{"ktf_event": "SCHEDULER_SWITCH", "timestamp": 782, "thread_id": 1, "data1": 3, "data2": 0}
{"ktf_event": "IPC_RECV", "timestamp": 782, "thread_id": 1, "data1": 2, "data2": 1}
{"ktf_event": "SCHEDULER_SWITCH", "timestamp": 784, "thread_id": 2, "data1": 1, "data2": 0}
{"ktf_event": "IPC_SEND", "timestamp": 784, "thread_id": 2, "data1": 1, "data2": 1}
{"ktf_event": "SCHEDULER_SWITCH", "timestamp": 786, "thread_id": 3, "data1": 2, "data2": 0}
{"ktf_event": "SCHEDULER_SWITCH", "timestamp": 786, "thread_id": 1, "data1": 3, "data2": 0}
{"ktf_event": "IPC_RECV", "timestamp": 787, "thread_id": 1, "data1": 2, "data2": 1}
{"ktf_event": "SCHEDULER_SWITCH", "timestamp": 788, "thread_id": 2, "data1": 1, "data2": 0}
{"ktf_event": "IPC_SEND", "timestamp": 788, "thread_id": 2, "data1": 1, "data2": 1}
{"ktf_event": "SCHEDULER_SWITCH", "timestamp": 790, "thread_id": 3, "data1": 2, "data2": 0}
{"ktf_event": "SCHEDULER_SWITCH", "timestamp": 790, "thread_id": 1, "data1": 3, "data2": 0}
{"ktf_event": "IPC_RECV", "timestamp": 790, "thread_id": 1, "data1": 2, "data2": 1}
{"ktf_event": "SCHEDULER_SWITCH", "timestamp": 791, "thread_id": 2, "data1": 1, "data2": 0}
{"ktf_event": "SCHEDULER_SWITCH", "timestamp": 793, "thread_id": 3, "data1": 2, "data2": 0}
{"ktf_event": "SCHEDULER_SWITCH", "timestamp": 793, "thread_id": 1, "data1": 3, "data2": 0}
{"ktf_event": "IPC_RECV", "timestamp": 793, "thread_id": 1, "data1": 2, "data2": 1}
{"ktf_event": "SCHEDULER_SWITCH", "timestamp": 795, "thread_id": 2, "data1": 1, "data2": 0}
{"ktf_event": "IPC_SEND", "timestamp": 795, "thread_id": 2, "data1": 1, "data2": 1}
{"ktf_event": "SCHEDULER_SWITCH", "timestamp": 798, "thread_id": 3, "data1": 2, "data2": 0}
{"ktf_event": "SCHEDULER_SWITCH", "timestamp": 798, "thread_id": 1, "data1": 3, "data2": 0}
{"ktf_event": "IPC_RECV", "timestamp": 798, "thread_id": 1, "data1": 2, "data2": 1}
{"ktf_event": "SCHEDULER_SWITCH", "timestamp": 800, "thread_id": 2, "data1": 1, "data2": 0}
{"ktf_event": "IPC_SEND", "timestamp": 800, "thread_id": 2, "data1": 1, "data2": 1}
{"ktf_event": "SCHEDULER_SWITCH", "timestamp": 802, "thread_id": 3, "data1": 2, "data2": 0}
{"ktf_event": "SCHEDULER_SWITCH", "timestamp": 802, "thread_id": 1, "data1": 3, "data2": 0}
{"ktf_event": "SCHEDULER_SWITCH", "timestamp": 802, "thread_id": 2, "data1": 1, "data2": 0}
{"ktf_event": "IPC_SEND", "timestamp": 802, "thread_id": 2, "data1": 1, "data2": 1}
{"ktf_event": "SCHEDULER_SWITCH", "timestamp": 805, "thread_id": 3, "data1": 2, "data2": 0}
{"ktf_event": "SCHEDULER_SWITCH", "timestamp": 805, "thread_id": 1, "data1": 3, "data2": 0}
{"ktf_event": "IPC_RECV", "timestamp": 805, "thread_id": 1, "data1": 2, "data2": 1}
{"ktf_event": "SCHEDULER_SWITCH", "timestamp": 806, "thread_id": 2, "data1": 1, "data2": 0}
{"ktf_event": "IPC_SEND", "timestamp": 806, "thread_id": 2, "data1": 1, "data2": 1}
{"ktf_event": "SCHEDULER_SWITCH", "timestamp": 809, "thread_id": 3, "data1": 2, "data2": 0}
{"ktf_event": "SCHEDULER_SWITCH", "timestamp": 810, "thread_id": 2, "data1": 1, "data2": 0}
{"ktf_event": "IPC_SEND", "timestamp": 810, "thread_id": 2, "data1": 1, "data2": 1}
{"ktf_event": "SCHEDULER_SWITCH", "timestamp": 812, "thread_id": 3, "data1": 2, "data2": 0}
Unhandled exception: 13
